[    0.000000] Initializing cgroup subsys cpuset
[    0.000000] Initializing cgroup subsys cpu
[    0.000000] Initializing cgroup subsys cpuacct
[    0.000000] Linux version 3.19.0-30-generic (buildd@lgw01-56) (gcc version 4.8.2 (Ubuntu 4.8.2-19ubuntu1) ) #33~14.04.1-Ubuntu SMP Tue Sep 22 09:27:00 UTC 2015 (Ubuntu 3.19.0-30.33~14.04.1-generic 3.19.8-ckt6)
[    0.000000] Command line: BOOT_IMAGE=kernels/vmlinuz-3.19.0-30-generic initrd=kernels/initrd.img-3.19.0-30-generic console=tty console=ttyS0,115200 ghes.disable=1 apei.disable=1 ro root=/dev/sda1 verbose single intel_iommu=on,sp_off
[    0.000000] KERNEL supported cpus:
[    0.000000]   Intel GenuineIntel
[    0.000000]   AMD AuthenticAMD
[    0.000000]   Centaur CentaurHauls
[    0.000000] e820: BIOS-provided physical RAM map:
[    0.000000] BIOS-e820: [mem 0x0000000000000000-0x0000000000098fff] usable
[    0.000000] BIOS-e820: [mem 0x0000000000100000-0x00000000bd2effff] usable
[    0.000000] BIOS-e820: [mem 0x00000000bd2f0000-0x00000000bd31bfff] reserved
[    0.000000] BIOS-e820: [mem 0x00000000bd31c000-0x00000000bd35afff] ACPI data
[    0.000000] BIOS-e820: [mem 0x00000000bd35b000-0x00000000bfffffff] reserved
[    0.000000] BIOS-e820: [mem 0x00000000e0000000-0x00000000efffffff] reserved
[    0.000000] BIOS-e820: [mem 0x00000000fe000000-0x00000000ffffffff] reserved
[    0.000000] BIOS-e820: [mem 0x0000000100000000-0x000000083fffffff] usable
[    0.000000] NX (Execute Disable) protection: active
[    0.000000] SMBIOS 2.7 present.
[    0.000000] DMI: Dell Inc. PowerEdge T620/03GCPM, BIOS 2.2.2 01/16/2014
[    0.000000] e820: update [mem 0x00000000-0x00000fff] usable ==> reserved
[    0.000000] e820: remove [mem 0x000a0000-0x000fffff] usable
[    0.000000] AGP: No AGP bridge found
[    0.000000] e820: last_pfn = 0x840000 max_arch_pfn = 0x400000000
[    0.000000] MTRR default type: uncachable
[    0.000000] MTRR fixed ranges enabled:
[    0.000000]   00000-9FFFF write-back
[    0.000000]   A0000-BFFFF uncachable
[    0.000000]   C0000-C7FFF write-protect
[    0.000000]   C8000-CBFFF write-back
[    0.000000]   CC000-CFFFF write-protect
[    0.000000]   D0000-EBFFF uncachable
[    0.000000]   EC000-FFFFF write-protect
[    0.000000] MTRR variable ranges enabled:
[    0.000000]   0 base 000000000000 mask 3FFF80000000 write-back
[    0.000000]   1 base 000080000000 mask 3FFFC0000000 write-back
[    0.000000]   2 base 000100000000 mask 3FFF00000000 write-back
[    0.000000]   3 base 000200000000 mask 3FFE00000000 write-back
[    0.000000]   4 base 000400000000 mask 3FFC00000000 write-back
[    0.000000]   5 base 000800000000 mask 3FFFC0000000 write-back
[    0.000000]   6 disabled
[    0.000000]   7 disabled
[    0.000000]   8 disabled
[    0.000000]   9 disabled
[    0.000000] PAT configuration [0-7]: WB  WC  UC- UC  WB  WC  UC- UC  
[    0.000000] e820: update [mem 0xc0000000-0xffffffff] usable ==> reserved
[    0.000000] e820: last_pfn = 0xbd2f0 max_arch_pfn = 0x400000000
[    0.000000] found SMP MP-table at [mem 0x000fe710-0x000fe71f] mapped at [ffff8800000fe710]
[    0.000000] Scanning 1 areas for low memory corruption
[    0.000000] Base memory trampoline at [ffff88000007d000] 7d000 size 24576
[    0.000000] Using GB pages for direct mapping
[    0.000000] init_memory_mapping: [mem 0x00000000-0x000fffff]
[    0.000000]  [mem 0x00000000-0x000fffff] page 4k
[    0.000000] BRK [0x01fd4000, 0x01fd4fff] PGTABLE
[    0.000000] BRK [0x01fd5000, 0x01fd5fff] PGTABLE
[    0.000000] BRK [0x01fd6000, 0x01fd6fff] PGTABLE
[    0.000000] init_memory_mapping: [mem 0x83fe00000-0x83fffffff]
[    0.000000]  [mem 0x83fe00000-0x83fffffff] page 1G
[    0.000000] init_memory_mapping: [mem 0x820000000-0x83fdfffff]
[    0.000000]  [mem 0x820000000-0x83fdfffff] page 1G
[    0.000000] init_memory_mapping: [mem 0x00100000-0xbd2effff]
[    0.000000]  [mem 0x00100000-0x001fffff] page 4k
[    0.000000]  [mem 0x00200000-0x3fffffff] page 2M
[    0.000000]  [mem 0x40000000-0x7fffffff] page 1G
[    0.000000]  [mem 0x80000000-0xbd1fffff] page 2M
[    0.000000]  [mem 0xbd200000-0xbd2effff] page 4k
[    0.000000] init_memory_mapping: [mem 0x100000000-0x81fffffff]
[    0.000000]  [mem 0x100000000-0x81fffffff] page 1G
[    0.000000] RAMDISK: [mem 0x7ecfc000-0x7fffffff]
[    0.000000] ACPI: Early table checksum verification disabled
[    0.000000] ACPI: RSDP 0x00000000000F0C70 000024 (v02 DELL  )
[    0.000000] ACPI: XSDT 0x00000000000F0DB8 0000A4 (v01 DELL   PE_SC3   00000001 DELL 00000001)
[    0.000000] ACPI: FACP 0x00000000BD33534C 0000F4 (v03 DELL   PE_SC3   00000001 DELL 00000001)
[    0.000000] ACPI: DSDT 0x00000000BD31C000 008029 (v01 DELL   PE_SC3   00000001 INTL 20110211)
[    0.000000] ACPI: FACS 0x00000000BD337000 000040
[    0.000000] ACPI: FACS 0x00000000BD337000 000040
[    0.000000] ACPI: APIC 0x00000000BD334478 0001EA (v01 DELL   PE_SC3   00000001 DELL 00000001)
[    0.000000] ACPI: SPCR 0x00000000BD334664 000050 (v01 DELL   PE_SC3   00000001 DELL 00000001)
[    0.000000] ACPI: HPET 0x00000000BD3346B8 000038 (v01 DELL   PE_SC3   00000001 DELL 00000001)
[    0.000000] ACPI: DMAR 0x00000000BD3346F4 000138 (v01 DELL   PE_SC3   00000001 DELL 00000001)
[    0.000000] ACPI: MCFG 0x00000000BD334A10 00003C (v01 DELL   PE_SC3   00000001 DELL 00000001)
[    0.000000] ACPI: WD__ 0x00000000BD334A50 000134 (v01 DELL   PE_SC3   00000001 DELL 00000001)
[    0.000000] ACPI: SLIC 0x00000000BD334B88 000024 (v01 DELL   PE_SC3   00000001 DELL 00000001)
[    0.000000] ACPI: ERST 0x00000000BD3241EC 000270 (v01 DELL   PE_SC3   00000001 DELL 00000001)
[    0.000000] ACPI: HEST 0x00000000BD32445C 0005B0 (v01 DELL   PE_SC3   00000001 DELL 00000001)
[    0.000000] ACPI: BERT 0x00000000BD32402C 000030 (v01 DELL   PE_SC3   00000001 DELL 00000001)
[    0.000000] ACPI: EINJ 0x00000000BD32405C 000190 (v01 DELL   PE_SC3   00000001 DELL 00000001)
[    0.000000] ACPI: TCPA 0x00000000BD3352E4 000064 (v02 DELL   PE_SC3   00000001 DELL 00000001)
[    0.000000] ACPI: PC__ 0x00000000BD335274 00006E (v01 DELL   PE_SC3   00000001 DELL 00000001)
[    0.000000] ACPI: SRAT 0x00000000BD334DB0 0004C0 (v01 DELL   PE_SC3   00000001 DELL 00000001)
[    0.000000] ACPI: SSDT 0x00000000BD338000 006124 (v01 INTEL  PPM RCM  80000001 INTL 20061109)
[    0.000000] ACPI: Local APIC address 0xfee00000
[    0.000000] SRAT: PXM 1 -> APIC 0x00 -> Node 0
[    0.000000] SRAT: PXM 2 -> APIC 0x20 -> Node 1
[    0.000000] SRAT: PXM 1 -> APIC 0x02 -> Node 0
[    0.000000] SRAT: PXM 2 -> APIC 0x22 -> Node 1
[    0.000000] SRAT: PXM 1 -> APIC 0x04 -> Node 0
[    0.000000] SRAT: PXM 2 -> APIC 0x24 -> Node 1
[    0.000000] SRAT: PXM 1 -> APIC 0x06 -> Node 0
[    0.000000] SRAT: PXM 2 -> APIC 0x26 -> Node 1
[    0.000000] SRAT: PXM 1 -> APIC 0x08 -> Node 0
[    0.000000] SRAT: PXM 2 -> APIC 0x28 -> Node 1
[    0.000000] SRAT: PXM 1 -> APIC 0x0a -> Node 0
[    0.000000] SRAT: PXM 2 -> APIC 0x2a -> Node 1
[    0.000000] SRAT: PXM 1 -> APIC 0x01 -> Node 0
[    0.000000] SRAT: PXM 2 -> APIC 0x21 -> Node 1
[    0.000000] SRAT: PXM 1 -> APIC 0x03 -> Node 0
[    0.000000] SRAT: PXM 2 -> APIC 0x23 -> Node 1
[    0.000000] SRAT: PXM 1 -> APIC 0x05 -> Node 0
[    0.000000] SRAT: PXM 2 -> APIC 0x25 -> Node 1
[    0.000000] SRAT: PXM 1 -> APIC 0x07 -> Node 0
[    0.000000] SRAT: PXM 2 -> APIC 0x27 -> Node 1
[    0.000000] SRAT: PXM 1 -> APIC 0x09 -> Node 0
[    0.000000] SRAT: PXM 2 -> APIC 0x29 -> Node 1
[    0.000000] SRAT: PXM 1 -> APIC 0x0b -> Node 0
[    0.000000] SRAT: PXM 2 -> APIC 0x2b -> Node 1
[    0.000000] SRAT: Node 0 PXM 1 [mem 0x00000000-0x43fffffff]
[    0.000000] SRAT: Node 1 PXM 2 [mem 0x440000000-0x83fffffff]
[    0.000000] NODE_DATA(0) allocated [mem 0x43fffb000-0x43fffffff]
[    0.000000] NODE_DATA(1) allocated [mem 0x83fff9000-0x83fffdfff]
[    0.000000]  [ffffea0000000000-ffffea0010ffffff] PMD -> [ffff88042fe00000-ffff88043fdfffff] on node 0
[    0.000000]  [ffffea0011000000-ffffea0020ffffff] PMD -> [ffff88082f600000-ffff88083f5fffff] on node 1
[    0.000000] Zone ranges:
[    0.000000]   DMA      [mem 0x00001000-0x00ffffff]
[    0.000000]   DMA32    [mem 0x01000000-0xffffffff]
[    0.000000]   Normal   [mem 0x100000000-0x83fffffff]
[    0.000000] Movable zone start for each node
[    0.000000] Early memory node ranges
[    0.000000]   node   0: [mem 0x00001000-0x00098fff]
[    0.000000]   node   0: [mem 0x00100000-0xbd2effff]
[    0.000000]   node   0: [mem 0x100000000-0x43fffffff]
[    0.000000]   node   1: [mem 0x440000000-0x83fffffff]
[    0.000000] Initmem setup node 0 [mem 0x00001000-0x43fffffff]
[    0.000000] On node 0 totalpages: 4182664
[    0.000000]   DMA zone: 64 pages used for memmap
[    0.000000]   DMA zone: 43 pages reserved
[    0.000000]   DMA zone: 3992 pages, LIFO batch:0
[    0.000000]   DMA32 zone: 12044 pages used for memmap
[    0.000000]   DMA32 zone: 770800 pages, LIFO batch:31
[    0.000000]   Normal zone: 53248 pages used for memmap
[    0.000000]   Normal zone: 3407872 pages, LIFO batch:31
[    0.000000] Initmem setup node 1 [mem 0x440000000-0x83fffffff]
[    0.000000] On node 1 totalpages: 4194304
[    0.000000]   Normal zone: 65536 pages used for memmap
[    0.000000]   Normal zone: 4194304 pages, LIFO batch:31
[    0.000000] ACPI: PM-Timer IO Port: 0x808
[    0.000000] ACPI: Local APIC address 0xfee00000
[    0.000000] ACPI: LAPIC (acpi_id[0x01] lapic_id[0x00] enabled)
[    0.000000] ACPI: LAPIC (acpi_id[0x02] lapic_id[0x20] enabled)
[    0.000000] ACPI: LAPIC (acpi_id[0x03] lapic_id[0x02] enabled)
[    0.000000] ACPI: LAPIC (acpi_id[0x04] lapic_id[0x22] enabled)
[    0.000000] ACPI: LAPIC (acpi_id[0x05] lapic_id[0x04] enabled)
[    0.000000] ACPI: LAPIC (acpi_id[0x06] lapic_id[0x24] enabled)
[    0.000000] ACPI: LAPIC (acpi_id[0x07] lapic_id[0x06] enabled)
[    0.000000] ACPI: LAPIC (acpi_id[0x08] lapic_id[0x26] enabled)
[    0.000000] ACPI: LAPIC (acpi_id[0x09] lapic_id[0x08] enabled)
[    0.000000] ACPI: LAPIC (acpi_id[0x0a] lapic_id[0x28] enabled)
[    0.000000] ACPI: LAPIC (acpi_id[0x0b] lapic_id[0x0a] enabled)
[    0.000000] ACPI: LAPIC (acpi_id[0x0c] lapic_id[0x2a] enabled)
[    0.000000] ACPI: LAPIC (acpi_id[0x0d] lapic_id[0x01] enabled)
[    0.000000] ACPI: LAPIC (acpi_id[0x0e] lapic_id[0x21] enabled)
[    0.000000] ACPI: LAPIC (acpi_id[0x0f] lapic_id[0x03] enabled)
[    0.000000] ACPI: LAPIC (acpi_id[0x10] lapic_id[0x23] enabled)
[    0.000000] ACPI: LAPIC (acpi_id[0x11] lapic_id[0x05] enabled)
[    0.000000] ACPI: LAPIC (acpi_id[0x12] lapic_id[0x25] enabled)
[    0.000000] ACPI: LAPIC (acpi_id[0x13] lapic_id[0x07] enabled)
[    0.000000] ACPI: LAPIC (acpi_id[0x14] lapic_id[0x27] enabled)
[    0.000000] ACPI: LAPIC (acpi_id[0x15] lapic_id[0x09] enabled)
[    0.000000] ACPI: LAPIC (acpi_id[0x16] lapic_id[0x29] enabled)
[    0.000000] ACPI: LAPIC (acpi_id[0x17] lapic_id[0x0b] enabled)
[    0.000000] ACPI: LAPIC (acpi_id[0x18] lapic_id[0x2b] enabled)
[    0.000000] ACPI: LAPIC (acpi_id[0x19] lapic_id[0x58] disabled)
[    0.000000] ACPI: LAPIC (acpi_id[0x1a] lapic_id[0x59] disabled)
[    0.000000] ACPI: LAPIC (acpi_id[0x1b] lapic_id[0x5a] disabled)
[    0.000000] ACPI: LAPIC (acpi_id[0x1c] lapic_id[0x5b] disabled)
[    0.000000] ACPI: LAPIC (acpi_id[0x1d] lapic_id[0x5c] disabled)
[    0.000000] ACPI: LAPIC (acpi_id[0x1e] lapic_id[0x5d] disabled)
[    0.000000] ACPI: LAPIC (acpi_id[0x1f] lapic_id[0x5e] disabled)
[    0.000000] ACPI: LAPIC (acpi_id[0x20] lapic_id[0x5f] disabled)
[    0.000000] ACPI: LAPIC (acpi_id[0x21] lapic_id[0x60] disabled)
[    0.000000] ACPI: LAPIC (acpi_id[0x22] lapic_id[0x61] disabled)
[    0.000000] ACPI: LAPIC (acpi_id[0x23] lapic_id[0x62] disabled)
[    0.000000] ACPI: LAPIC (acpi_id[0x24] lapic_id[0x63] disabled)
[    0.000000] ACPI: LAPIC (acpi_id[0x25] lapic_id[0x64] disabled)
[    0.000000] ACPI: LAPIC (acpi_id[0x26] lapic_id[0x65] disabled)
[    0.000000] ACPI: LAPIC (acpi_id[0x27] lapic_id[0x66] disabled)
[    0.000000] ACPI: LAPIC (acpi_id[0x28] lapic_id[0x67] disabled)
[    0.000000] ACPI: LAPIC (acpi_id[0x29] lapic_id[0x68] disabled)
[    0.000000] ACPI: LAPIC (acpi_id[0x2a] lapic_id[0x69] disabled)
[    0.000000] ACPI: LAPIC (acpi_id[0x2b] lapic_id[0x6a] disabled)
[    0.000000] ACPI: LAPIC (acpi_id[0x2c] lapic_id[0x6b] disabled)
[    0.000000] ACPI: LAPIC (acpi_id[0x2d] lapic_id[0x6c] disabled)
[    0.000000] ACPI: LAPIC (acpi_id[0x2e] lapic_id[0x6d] disabled)
[    0.000000] ACPI: LAPIC (acpi_id[0x2f] lapic_id[0x6e] disabled)
[    0.000000] ACPI: LAPIC (acpi_id[0x30] lapic_id[0x6f] disabled)
[    0.000000] ACPI: LAPIC_NMI (acpi_id[0xff] high edge lint[0x1])
[    0.000000] ACPI: IOAPIC (id[0x00] address[0xfec00000] gsi_base[0])
[    0.000000] IOAPIC[0]: apic_id 0, version 32, address 0xfec00000, GSI 0-23
[    0.000000] ACPI: IOAPIC (id[0x01] address[0xfec3f000] gsi_base[32])
[    0.000000] IOAPIC[1]: apic_id 1, version 32, address 0xfec3f000, GSI 32-55
[    0.000000] ACPI: IOAPIC (id[0x02] address[0xfec7f000] gsi_base[64])
[    0.000000] IOAPIC[2]: apic_id 2, version 32, address 0xfec7f000, GSI 64-87
[    0.000000] ACPI: INT_SRC_OVR (bus 0 bus_irq 0 global_irq 2 dfl dfl)
[    0.000000] ACPI: INT_SRC_OVR (bus 0 bus_irq 9 global_irq 9 high level)
[    0.000000] ACPI: IRQ0 used by override.
[    0.000000] ACPI: IRQ9 used by override.
[    0.000000] Using ACPI (MADT) for SMP configuration information
[    0.000000] ACPI: HPET id: 0x8086a701 base: 0xfed00000
[    0.000000] smpboot: Allowing 48 CPUs, 24 hotplug CPUs
[    0.000000] PM: Registered nosave memory: [mem 0x00000000-0x00000fff]
[    0.000000] PM: Registered nosave memory: [mem 0x00099000-0x000fffff]
[    0.000000] PM: Registered nosave memory: [mem 0xbd2f0000-0xbd31bfff]
[    0.000000] PM: Registered nosave memory: [mem 0xbd31c000-0xbd35afff]
[    0.000000] PM: Registered nosave memory: [mem 0xbd35b000-0xbfffffff]
[    0.000000] PM: Registered nosave memory: [mem 0xc0000000-0xdfffffff]
[    0.000000] PM: Registered nosave memory: [mem 0xe0000000-0xefffffff]
[    0.000000] PM: Registered nosave memory: [mem 0xf0000000-0xfdffffff]
[    0.000000] PM: Registered nosave memory: [mem 0xfe000000-0xffffffff]
[    0.000000] e820: [mem 0xc0000000-0xdfffffff] available for PCI devices
[    0.000000] Booting paravirtualized kernel on bare hardware
[    0.000000] setup_percpu: NR_CPUS:256 nr_cpumask_bits:256 nr_cpu_ids:48 nr_node_ids:2
[    0.000000] PERCPU: Embedded 31 pages/cpu @ffff88042fa00000 s86144 r8192 d32640 u131072
[    0.000000] pcpu-alloc: s86144 r8192 d32640 u131072 alloc=1*2097152
[    0.000000] pcpu-alloc: [0] 00 02 04 06 08 10 12 14 16 18 20 22 24 26 28 30 
[    0.000000] pcpu-alloc: [0] 32 34 36 38 40 42 44 46 -- -- -- -- -- -- -- -- 
[    0.000000] pcpu-alloc: [1] 01 03 05 07 09 11 13 15 17 19 21 23 25 27 29 31 
[    0.000000] pcpu-alloc: [1] 33 35 37 39 41 43 45 47 -- -- -- -- -- -- -- -- 
[    0.000000] Built 2 zonelists in Node order, mobility grouping on.  Total pages: 8246033
[    0.000000] Policy zone: Normal
[    0.000000] Kernel command line: BOOT_IMAGE=kernels/vmlinuz-3.19.0-30-generic initrd=kernels/initrd.img-3.19.0-30-generic console=tty console=ttyS0,115200 ghes.disable=1 apei.disable=1 ro root=/dev/sda1 verbose single intel_iommu=on,sp_off
[    0.000000] Intel-IOMMU: enabled
[    0.000000] Intel-IOMMU: disable supported super page
[    0.000000] log_buf_len individual max cpu contribution: 4096 bytes
[    0.000000] log_buf_len total cpu_extra contributions: 192512 bytes
[    0.000000] log_buf_len min size: 262144 bytes
[    0.000000] log_buf_len: 524288 bytes
[    0.000000] early log buf free: 246344(93%)
[    0.000000] PID hash table entries: 4096 (order: 3, 32768 bytes)
[    0.000000] xsave: enabled xstate_bv 0x7, cntxt size 0x340 using standard form
[    0.000000] AGP: Checking aperture...
[    0.000000] AGP: No AGP bridge found
[    0.000000] Calgary: detecting Calgary via BIOS EBDA area
[    0.000000] Calgary: Unable to locate Rio Grande table in EBDA - bailing!
[    0.000000] Memory: 32874784K/33507872K available (7920K kernel code, 1174K rwdata, 3756K rodata, 1408K init, 1292K bss, 633088K reserved, 0K cma-reserved)
[    0.000000] SLUB: HWalign=64, Order=0-3, MinObjects=0, CPUs=48, Nodes=2
[    0.000000] Hierarchical RCU implementation.
[    0.000000] 	RCU dyntick-idle grace-period acceleration is enabled.
[    0.000000] 	RCU restricting CPUs from NR_CPUS=256 to nr_cpu_ids=48.
[    0.000000] RCU: Adjusting geometry for rcu_fanout_leaf=16, nr_cpu_ids=48
[    0.000000] NR_IRQS:16640 nr_irqs:1896 16
[    0.000000] 	Offload RCU callbacks from all CPUs
[    0.000000] 	Offload RCU callbacks from CPUs: 0-47.
[    0.000000] Console: colour VGA+ 80x25
[    0.000000] console [tty0] enabled
[    0.000000] console [ttyS0] enabled
[    0.000000] mempolicy: Enabling automatic NUMA balancing. Configure with numa_balancing= or the kernel.numa_balancing sysctl
[    0.000000] hpet clockevent registered
[    0.000000] tsc: Fast TSC calibration using PIT
[    0.000000] tsc: Detected 2100.005 MHz processor
[    0.000046] Calibrating delay loop (skipped), value calculated using timer frequency.. 4200.01 BogoMIPS (lpj=8400020)
[    0.012142] pid_max: default: 49152 minimum: 384
[    0.017419] ACPI: Core revision 20141107
[    0.026018] ACPI: All ACPI Tables successfully acquired
[    0.032209] Security Framework initialized
[    0.036944] AppArmor: AppArmor initialized
[    0.041631] Yama: becoming mindful.
[    0.047918] Dentry cache hash table entries: 4194304 (order: 13, 33554432 bytes)
[    0.065561] Inode-cache hash table entries: 2097152 (order: 12, 16777216 bytes)
[    0.077967] Mount-cache hash table entries: 65536 (order: 7, 524288 bytes)
[    0.085810] Mountpoint-cache hash table entries: 65536 (order: 7, 524288 bytes)
[    0.094554] Initializing cgroup subsys memory
[    0.099549] Initializing cgroup subsys devices
[    0.104626] Initializing cgroup subsys freezer
[    0.109702] Initializing cgroup subsys net_cls
[    0.114778] Initializing cgroup subsys blkio
[    0.119660] Initializing cgroup subsys perf_event
[    0.125035] Initializing cgroup subsys net_prio
[    0.130209] Initializing cgroup subsys hugetlb
[    0.135322] CPU: Physical Processor ID: 0
[    0.139912] CPU: Processor Core ID: 0
[    0.145045] mce: CPU supports 23 MCE banks
[    0.149776] CPU0: Thermal monitoring enabled (TM1)
[    0.155271] Last level iTLB entries: 4KB 512, 2MB 8, 4MB 8
[    0.155271] Last level dTLB entries: 4KB 512, 2MB 0, 4MB 0, 1GB 4
[    0.168503] Freeing SMP alternatives memory: 32K (ffffffff81e87000 - ffffffff81e8f000)
[    0.179756] ftrace: allocating 30022 entries in 118 pages
[    0.202403] dmar: Host address width 46
[    0.206801] dmar: DRHD base: 0x000000cf000000 flags: 0x0
[    0.212853] dmar: IOMMU 0: reg_base_addr cf000000 ver 1:0 cap d2078c106f0466 ecap f020de
[    0.222035] dmar: DRHD base: 0x000000df100000 flags: 0x1
[    0.228087] dmar: IOMMU 1: reg_base_addr df100000 ver 1:0 cap d2078c106f0466 ecap f020de
[    0.237267] dmar: RMRR base: 0x000000bf458000 end: 0x000000bf46ffff
[    0.244384] dmar: RMRR base: 0x000000bf450000 end: 0x000000bf450fff
[    0.251500] dmar: RMRR base: 0x000000bf452000 end: 0x000000bf452fff
[    0.258617] dmar: ATSR flags: 0x0
[    0.262551] IOAPIC id 2 under DRHD base  0xcf000000 IOMMU 0
[    0.268882] IOAPIC id 0 under DRHD base  0xdf100000 IOMMU 1
[    0.275204] IOAPIC id 1 under DRHD base  0xdf100000 IOMMU 1
[    0.281534] HPET id 0 under DRHD base 0xdf100000
[    0.286786] Queued invalidation will be enabled to support x2apic and Intr-remapping.
[    0.295668] Your BIOS is broken and requested that x2apic be disabled.
[    0.295668] This will slightly decrease performance.
[    0.295668] Use 'intremap=no_x2apic_optout' to override BIOS request.
[    0.316357] Enabled IRQ remapping in xapic mode
[    0.321522] x2apic not enabled, IRQ remapping is in xapic mode
[    0.328157] Switched APIC routing to physical flat.
[    0.334404] ..TIMER: vector=0x30 apic1=0 pin1=2 apic2=-1 pin2=-1
[    0.380939] smpboot: CPU0: Intel(R) Xeon(R) CPU E5-2620 v2 @ 2.10GHz (fam: 06, model: 3e, stepping: 04)
[    0.391838] TSC deadline timer enabled
[    0.391868] Performance Events: PEBS fmt1+, 16-deep LBR, IvyBridge events, full-width counters, Intel PMU driver.
[    0.403927] ... version:                3
[    0.408509] ... bit width:              48
[    0.413187] ... generic registers:      4
[    0.417770] ... value mask:             0000ffffffffffff
[    0.423810] ... max period:             0000ffffffffffff
[    0.429840] ... fixed-purpose events:   3
[    0.434422] ... event mask:             000000070000000f
[    0.441939] x86: Booting SMP configuration:
[    0.446720] .... node  #1, CPUs:        #1
[    0.564165] NMI watchdog: enabled on all CPUs, permanently consumes one hw-PMU counter.
[    0.573676] 
[    0.575439] .... node  #0, CPUs:    #2
[    0.595333] .... node  #1, CPUs:    #3
[    0.614065] .... node  #0, CPUs:    #4
[    0.632851] .... node  #1, CPUs:    #5
[    0.651577] .... node  #0, CPUs:    #6
[    0.670372] .... node  #1, CPUs:    #7
[    0.689100] .... node  #0, CPUs:    #8
[    0.707894] .... node  #1, CPUs:    #9
[    0.726625] .... node  #0, CPUs:   #10
[    0.745410] .... node  #1, CPUs:   #11
[    0.764141] .... node  #0, CPUs:   #12
[    0.782955] .... node  #1, CPUs:   #13
[    0.801683] .... node  #0, CPUs:   #14
[    0.820470] .... node  #1, CPUs:   #15
[    0.839195] .... node  #0, CPUs:   #16
[    0.857986] .... node  #1, CPUs:   #17
[    0.876716] .... node  #0, CPUs:   #18
[    0.895502] .... node  #1, CPUs:   #19
[    0.914227] .... node  #0, CPUs:   #20
[    0.933006] .... node  #1, CPUs:   #21
[    0.951733] .... node  #0, CPUs:   #22
[    0.970524] .... node  #1, CPUs:   #23
[    0.988832] x86: Booted up 2 nodes, 24 CPUs
[    0.993914] smpboot: Total of 24 processors activated (100814.08 BogoMIPS)
[    1.044656] devtmpfs: initialized
[    1.054393] evm: security.selinux
[    1.058200] evm: security.SMACK64
[    1.062004] evm: security.SMACK64EXEC
[    1.066241] evm: security.SMACK64TRANSMUTE
[    1.070921] evm: security.SMACK64MMAP
[    1.075115] evm: security.ima
[    1.078530] evm: security.capability
[    1.083098] pinctrl core: initialized pinctrl subsystem
[    1.089177] RTC time: 21:47:41, date: 10/27/15
[    1.095321] NET: Registered protocol family 16
[    1.111792] cpuidle: using governor ladder
[    1.127806] cpuidle: using governor menu
[    1.132375] ACPI FADT declares the system doesn't support PCIe ASPM, so disable it
[    1.140968] ACPI: bus type PCI registered
[    1.145553] acpiphp: ACPI Hot Plug PCI Controller Driver version: 0.5
[    1.152971] PCI: MMCONFIG for domain 0000 [bus 00-ff] at [mem 0xe0000000-0xefffffff] (base 0xe0000000)
[    1.163511] PCI: MMCONFIG at [mem 0xe0000000-0xefffffff] reserved in E820
[    1.171640] PCI: Using configuration type 1 for base access
[    1.178311] PCI: Dell System detected, enabling pci=bfsort.
[    1.196728] ACPI: Added _OSI(Module Device)
[    1.201511] ACPI: Added _OSI(Processor Device)
[    1.206582] ACPI: Added _OSI(3.0 _SCP Extensions)
[    1.211946] ACPI: Added _OSI(Processor Aggregator Device)
[    1.220051] [Firmware Bug]: ACPI: BIOS _OSI(Linux) query ignored
[    1.229857] ACPI: Interpreter enabled
[    1.234059] ACPI Exception: AE_NOT_FOUND, While evaluating Sleep State [\_S1_] (20141107/hwxface-580)
[    1.244676] ACPI Exception: AE_NOT_FOUND, While evaluating Sleep State [\_S2_] (20141107/hwxface-580)
[    1.255290] ACPI Exception: AE_NOT_FOUND, While evaluating Sleep State [\_S3_] (20141107/hwxface-580)
[    1.276905] ACPI: (supports S0 S4 S5)
[    1.281100] ACPI: Using IOAPIC for interrupt routing
[    1.286779] HEST: Table parsing has been initialized.
[    1.292533] PCI: Using host bridge windows from ACPI; if necessary, use "pci=nocrs" and report a bug
[    1.308530] ACPI: PCI Root Bridge [PCI0] (domain 0000 [bus 00-3d])
[    1.315553] acpi PNP0A08:00: _OSC: OS supports [ExtendedConfig ASPM ClockPM Segments MSI]
[    1.324914] acpi PNP0A08:00: PCIe AER handled by firmware
[    1.331222] acpi PNP0A08:00: _OSC: OS now controls [PCIeHotplug PME PCIeCapability]
[    1.339913] acpi PNP0A08:00: FADT indicates ASPM is unsupported, using BIOS configuration
[    1.350540] PCI host bridge to bus 0000:00
[    1.355224] pci_bus 0000:00: root bus resource [bus 00-3d]
[    1.361462] pci_bus 0000:00: root bus resource [io  0x0000-0x03af]
[    1.368476] pci_bus 0000:00: root bus resource [io  0x03e0-0x0cf7]
[    1.375490] pci_bus 0000:00: root bus resource [io  0x03b0-0x03df]
[    1.382505] pci_bus 0000:00: root bus resource [io  0x0d00-0x1fff]
[    1.389520] pci_bus 0000:00: root bus resource [io  0xe000-0xffff]
[    1.396535] pci_bus 0000:00: root bus resource [mem 0x000a0000-0x000bffff]
[    1.404329] pci_bus 0000:00: root bus resource [mem 0xd0000000-0xdfffffff]
[    1.412116] pci_bus 0000:00: root bus resource [mem 0x3c000000000-0x3ffffffffff]
[    1.420516] pci_bus 0000:00: root bus resource [mem 0xfed40000-0xfed44fff]
[    1.428320] pci 0000:00:00.0: [8086:0e00] type 00 class 0x060000
[    1.428390] pci 0000:00:00.0: PME# supported from D0 D3hot D3cold
[    1.428466] pci 0000:00:01.0: [8086:0e02] type 01 class 0x060400
[    1.428547] pci 0000:00:01.0: PME# supported from D0 D3hot D3cold
[    1.428628] pci 0000:00:02.0: [8086:0e04] type 01 class 0x060400
[    1.428707] pci 0000:00:02.0: PME# supported from D0 D3hot D3cold
[    1.428784] pci 0000:00:03.0: [8086:0e08] type 01 class 0x060400
[    1.428866] pci 0000:00:03.0: PME# supported from D0 D3hot D3cold
[    1.428941] pci 0000:00:05.0: [8086:0e28] type 00 class 0x088000
[    1.429050] pci 0000:00:05.2: [8086:0e2a] type 00 class 0x088000
[    1.429168] pci 0000:00:11.0: [8086:1d3e] type 01 class 0x060400
[    1.429267] pci 0000:00:11.0: PME# supported from D0 D3hot D3cold
[    1.429347] pci 0000:00:16.0: [8086:1d3a] type 00 class 0x078000
[    1.429368] pci 0000:00:16.0: reg 0x10: [mem 0xdf0fb000-0xdf0fb00f 64bit]
[    1.429435] pci 0000:00:16.0: PME# supported from D0 D3hot D3cold
[    1.429499] pci 0000:00:16.1: [8086:1d3b] type 00 class 0x078000
[    1.429519] pci 0000:00:16.1: reg 0x10: [mem 0xdf0fc000-0xdf0fc00f 64bit]
[    1.429586] pci 0000:00:16.1: PME# supported from D0 D3hot D3cold
[    1.429663] pci 0000:00:1a.0: [8086:1d2d] type 00 class 0x0c0320
[    1.429684] pci 0000:00:1a.0: reg 0x10: [mem 0xdf0fd000-0xdf0fd3ff]
[    1.429778] pci 0000:00:1a.0: PME# supported from D0 D3hot D3cold
[    1.429845] pci 0000:00:1c.0: [8086:1d10] type 01 class 0x060400
[    1.429929] pci 0000:00:1c.0: PME# supported from D0 D3hot D3cold
[    1.429951] pci 0000:00:1c.0: Disabling UPDCR peer decodes
[    1.436192] pci 0000:00:1c.0: Enabling MPC IRBNCE
[    1.441555] pci 0000:00:1c.0: Intel PCH root port ACS workaround enabled
[    1.449215] pci 0000:00:1c.4: [8086:1d18] type 01 class 0x060400
[    1.449300] pci 0000:00:1c.4: PME# supported from D0 D3hot D3cold
[    1.449322] pci 0000:00:1c.4: Enabling MPC IRBNCE
[    1.454684] pci 0000:00:1c.4: Intel PCH root port ACS workaround enabled
[    1.462343] pci 0000:00:1c.7: [8086:1d1e] type 01 class 0x060400
[    1.462429] pci 0000:00:1c.7: PME# supported from D0 D3hot D3cold
[    1.462450] pci 0000:00:1c.7: Enabling MPC IRBNCE
[    1.467805] pci 0000:00:1c.7: Intel PCH root port ACS workaround enabled
[    1.475464] pci 0000:00:1d.0: [8086:1d26] type 00 class 0x0c0320
[    1.475486] pci 0000:00:1d.0: reg 0x10: [mem 0xdf0fe000-0xdf0fe3ff]
[    1.475580] pci 0000:00:1d.0: PME# supported from D0 D3hot D3cold
[    1.475643] pci 0000:00:1e.0: [8086:244e] type 01 class 0x060401
[    1.475747] pci 0000:00:1f.0: [8086:1d41] type 00 class 0x060100
[    1.475914] pci 0000:00:1f.2: [8086:1d04] type 00 class 0x010400
[    1.475933] pci 0000:00:1f.2: reg 0x10: [io  0xfce8-0xfcef]
[    1.475940] pci 0000:00:1f.2: reg 0x14: [io  0xfcf8-0xfcfb]
[    1.475948] pci 0000:00:1f.2: reg 0x18: [io  0xfcf0-0xfcf7]
[    1.475956] pci 0000:00:1f.2: reg 0x1c: [io  0xfcfc-0xfcff]
[    1.475964] pci 0000:00:1f.2: reg 0x20: [io  0xfcc0-0xfcdf]
[    1.475972] pci 0000:00:1f.2: reg 0x24: [mem 0xdf0ff000-0xdf0ff7ff]
[    1.476019] pci 0000:00:1f.2: PME# supported from D3hot
[    1.476170] pci 0000:00:01.0: PCI bridge to [bus 01]
[    1.481896] pci 0000:02:00.0: [8086:1583] type 00 class 0x020000
[    1.481910] pci 0000:02:00.0: reg 0x10: [mem 0xd1000000-0xd17fffff 64bit pref]
[    1.481925] pci 0000:02:00.0: reg 0x1c: [mem 0xd2ff0000-0xd2ff7fff 64bit pref]
[    1.481937] pci 0000:02:00.0: reg 0x30: [mem 0xdc000000-0xdc07ffff pref]
[    1.481985] pci 0000:02:00.0: PME# supported from D0 D3hot D3cold
[    1.482013] pci 0000:02:00.0: reg 0x184: [mem 0xd2400000-0xd240ffff 64bit pref]
[    1.482024] pci 0000:02:00.0: reg 0x190: [mem 0xd2d00000-0xd2d03fff 64bit pref]
[    1.482081] pci 0000:02:00.1: [8086:1583] type 00 class 0x020000
[    1.482094] pci 0000:02:00.1: reg 0x10: [mem 0xd1800000-0xd1ffffff 64bit pref]
[    1.482109] pci 0000:02:00.1: reg 0x1c: [mem 0xd2ff8000-0xd2ffffff 64bit pref]
[    1.482121] pci 0000:02:00.1: reg 0x30: [mem 0xdc000000-0xdc07ffff pref]
[    1.482166] pci 0000:02:00.1: PME# supported from D0 D3hot D3cold
[    1.482189] pci 0000:02:00.1: reg 0x184: [mem 0xd2800000-0xd280ffff 64bit pref]
[    1.482201] pci 0000:02:00.1: reg 0x190: [mem 0xd2e00000-0xd2e03fff 64bit pref]
[    1.489848] pci 0000:00:02.0: PCI bridge to [bus 02]
[    1.495507] pci 0000:00:02.0:   bridge window [mem 0xdc000000-0xdc7fffff]
[    1.495512] pci 0000:00:02.0:   bridge window [mem 0xd1000000-0xd2ffffff 64bit pref]
[    1.495576] pci 0000:03:00.0: [19ee:6000] type 00 class 0x020000
[    1.495588] pci 0000:03:00.0: reg 0x10: [mem 0x3fff8000000-0x3ffffffffff 64bit pref]
[    1.495597] pci 0000:03:00.0: reg 0x18: [mem 0x3fff4000000-0x3fff7ffffff 64bit pref]
[    1.495605] pci 0000:03:00.0: reg 0x20: [mem 0x3fff3000000-0x3fff3ffffff 64bit pref]
[    1.495644] pci 0000:03:00.0: supports D1
[    1.495646] pci 0000:03:00.0: PME# supported from D0 D1 D3hot
[    1.495667] pci 0000:03:00.0: reg 0x224: [mem 0xdbe00000-0xdbe07fff 64bit]
[    1.495674] pci 0000:03:00.0: reg 0x22c: [mem 0xd4000000-0xd40fffff 64bit]
[    1.503522] pci 0000:00:03.0: PCI bridge to [bus 03]
[    1.509181] pci 0000:00:03.0:   bridge window [mem 0xd4000000-0xdbffffff]
[    1.509187] pci 0000:00:03.0:   bridge window [mem 0x3fff3000000-0x3ffffffffff 64bit pref]
[    1.509252] pci 0000:00:11.0: PCI bridge to [bus 04]
[    1.514971] pci 0000:00:1c.0: PCI bridge to [bus 05]
[    1.520727] pci 0000:06:00.0: [8086:1521] type 00 class 0x020000
[    1.520750] pci 0000:06:00.0: reg 0x10: [mem 0xdd500000-0xdd5fffff]
[    1.520788] pci 0000:06:00.0: reg 0x1c: [mem 0xdd7f8000-0xdd7fbfff]
[    1.520826] pci 0000:06:00.0: reg 0x30: [mem 0xdc800000-0xdc8fffff pref]
[    1.520933] pci 0000:06:00.0: PME# supported from D0 D3hot D3cold
[    1.521042] pci 0000:06:00.1: [8086:1521] type 00 class 0x020000
[    1.521064] pci 0000:06:00.1: reg 0x10: [mem 0xdd600000-0xdd6fffff]
[    1.521102] pci 0000:06:00.1: reg 0x1c: [mem 0xdd7fc000-0xdd7fffff]
[    1.521140] pci 0000:06:00.1: reg 0x30: [mem 0xdc800000-0xdc8fffff pref]
[    1.521241] pci 0000:06:00.1: PME# supported from D0 D3hot D3cold
[    1.528651] pci 0000:00:1c.4: PCI bridge to [bus 06]
[    1.534310] pci 0000:00:1c.4:   bridge window [mem 0xdc800000-0xdd7fffff]
[    1.534746] pci 0000:07:00.0: [1912:0013] type 01 class 0x060400
[    1.537341] pci 0000:07:00.0: PME# supported from D0 D3hot D3cold
[    1.542414] pci 0000:00:1c.7: PCI bridge to [bus 07-0b]
[    1.548366] pci 0000:00:1c.7:   bridge window [mem 0xdd800000-0xdeffffff]
[    1.548372] pci 0000:00:1c.7:   bridge window [mem 0xd0000000-0xd0ffffff 64bit pref]
[    1.549989] pci 0000:08:00.0: [1912:0013] type 01 class 0x060400
[    1.552969] pci 0000:08:00.0: PME# supported from D0 D3hot D3cold
[    1.553974] pci 0000:08:01.0: [1912:0013] type 01 class 0x060400
[    1.557082] pci 0000:08:01.0: PME# supported from D0 D3hot D3cold
[    1.559471] pci 0000:07:00.0: PCI bridge to [bus 08-0b]
[    1.565599] pci 0000:07:00.0:   bridge window [mem 0xdd800000-0xdeffffff]
[    1.565724] pci 0000:07:00.0:   bridge window [mem 0xd0000000-0xd0ffffff 64bit pref]
[    1.567449] pci 0000:09:00.0: [1912:0012] type 01 class 0x060400
[    1.571451] pci 0000:08:00.0: PCI bridge to [bus 09-0a]
[    1.577610] pci 0000:08:00.0:   bridge window [mem 0xdd800000-0xde7fffff]
[    1.577754] pci 0000:08:00.0:   bridge window [mem 0xd0000000-0xd0ffffff 64bit pref]
[    1.579311] pci 0000:0a:00.0: [102b:0534] type 00 class 0x030000
[    1.579795] pci 0000:0a:00.0: reg 0x10: [mem 0xd0000000-0xd0ffffff pref]
[    1.580056] pci 0000:0a:00.0: reg 0x14: [mem 0xde7fc000-0xde7fffff]
[    1.580317] pci 0000:0a:00.0: reg 0x18: [mem 0xdd800000-0xddffffff]
[    1.584416] pci 0000:09:00.0: PCI bridge to [bus 0a]
[    1.590286] pci 0000:09:00.0:   bridge window [mem 0xdd800000-0xde7fffff]
[    1.590431] pci 0000:09:00.0:   bridge window [mem 0xd0000000-0xd0ffffff 64bit pref]
[    1.592114] pci 0000:08:01.0: PCI bridge to [bus 0b]
[    1.597984] pci 0000:08:01.0:   bridge window [mem 0xdef00000-0xdeffffff]
[    1.599169] pci 0000:00:1e.0: PCI bridge to [bus 0c] (subtractive decode)
[    1.606872] pci 0000:00:1e.0:   bridge window [io  0x0000-0x03af] (subtractive decode)
[    1.606874] pci 0000:00:1e.0:   bridge window [io  0x03e0-0x0cf7] (subtractive decode)
[    1.606876] pci 0000:00:1e.0:   bridge window [io  0x03b0-0x03df] (subtractive decode)
[    1.606878] pci 0000:00:1e.0:   bridge window [io  0x0d00-0x1fff] (subtractive decode)
[    1.606880] pci 0000:00:1e.0:   bridge window [io  0xe000-0xffff] (subtractive decode)
[    1.606881] pci 0000:00:1e.0:   bridge window [mem 0x000a0000-0x000bffff] (subtractive decode)
[    1.606883] pci 0000:00:1e.0:   bridge window [mem 0xd0000000-0xdfffffff] (subtractive decode)
[    1.606885] pci 0000:00:1e.0:   bridge window [mem 0x3c000000000-0x3ffffffffff] (subtractive decode)
[    1.606887] pci 0000:00:1e.0:   bridge window [mem 0xfed40000-0xfed44fff] (subtractive decode)
[    1.607179] pci_bus 0000:00: on NUMA node 0
[    1.608497] ACPI: PCI Root Bridge [PCI1] (domain 0000 [bus 40-7e])
[    1.615509] acpi PNP0A08:01: _OSC: OS supports [ExtendedConfig ASPM ClockPM Segments MSI]
[    1.624868] acpi PNP0A08:01: PCIe AER handled by firmware
[    1.631173] acpi PNP0A08:01: _OSC: OS now controls [PCIeHotplug PME PCIeCapability]
[    1.639863] acpi PNP0A08:01: FADT indicates ASPM is unsupported, using BIOS configuration
[    1.650526] PCI host bridge to bus 0000:40
[    1.655212] pci_bus 0000:40: root bus resource [bus 40-7e]
[    1.661449] pci_bus 0000:40: root bus resource [io  0x2000-0x3fff]
[    1.668465] pci_bus 0000:40: root bus resource [io  0x4000-0x5fff]
[    1.675479] pci_bus 0000:40: root bus resource [io  0x6000-0x7fff]
[    1.682493] pci_bus 0000:40: root bus resource [io  0x8000-0x9fff]
[    1.689507] pci_bus 0000:40: root bus resource [io  0xa000-0xbfff]
[    1.696521] pci_bus 0000:40: root bus resource [io  0xc000-0xdfff]
[    1.703536] pci_bus 0000:40: root bus resource [mem 0xcc000000-0xcfffffff]
[    1.711329] pci_bus 0000:40: root bus resource [mem 0x38000000000-0x3bfffffffff]
[    1.719742] pci 0000:40:01.0: [8086:0e02] type 01 class 0x060400
[    1.719830] pci 0000:40:01.0: PME# supported from D0 D3hot D3cold
[    1.719910] pci 0000:40:02.0: [8086:0e04] type 01 class 0x060400
[    1.719995] pci 0000:40:02.0: PME# supported from D0 D3hot D3cold
[    1.720068] pci 0000:40:03.0: [8086:0e08] type 01 class 0x060400
[    1.720155] pci 0000:40:03.0: PME# supported from D0 D3hot D3cold
[    1.720224] pci 0000:40:05.0: [8086:0e28] type 00 class 0x088000
[    1.720333] pci 0000:40:05.2: [8086:0e2a] type 00 class 0x088000
[    1.720508] pci 0000:41:00.0: [19ee:3200] type 00 class 0x020000
[    1.720522] pci 0000:41:00.0: reg 0x10: [mem 0xcc000000-0xccffffff 64bit]
[    1.720531] pci 0000:41:00.0: reg 0x18: [mem 0xcd000000-0xcdffffff 64bit]
[    1.720541] pci 0000:41:00.0: reg 0x20: [mem 0xce000000-0xceffffff 64bit]
[    1.727751] pci 0000:40:01.0: PCI bridge to [bus 41]
[    1.733410] pci 0000:40:01.0:   bridge window [mem 0xcc000000-0xceffffff]
[    1.733475] pci 0000:40:02.0: PCI bridge to [bus 42]
[    1.739190] pci 0000:40:03.0: PCI bridge to [bus 43]
[    1.744875] pci_bus 0000:40: on NUMA node 1
[    1.744945] ACPI: PCI Root Bridge [P0B1] (domain 0000 [bus 3f])
[    1.751664] acpi PNP0A08:02: _OSC: OS supports [ExtendedConfig ASPM ClockPM Segments MSI]
[    1.761024] acpi PNP0A08:02: PCIe AER handled by firmware
[    1.767326] acpi PNP0A08:02: _OSC: OS now controls [PCIeHotplug PME PCIeCapability]
[    1.776016] acpi PNP0A08:02: FADT indicates ASPM is unsupported, using BIOS configuration
[    1.785360] PCI host bridge to bus 0000:3f
[    1.790045] pci_bus 0000:3f: root bus resource [bus 3f]
[    1.795996] pci 0000:3f:08.0: [8086:0e80] type 00 class 0x088000
[    1.796064] pci 0000:3f:09.0: [8086:0e90] type 00 class 0x088000
[    1.796123] pci 0000:3f:0a.0: [8086:0ec0] type 00 class 0x088000
[    1.796177] pci 0000:3f:0a.1: [8086:0ec1] type 00 class 0x088000
[    1.796229] pci 0000:3f:0a.2: [8086:0ec2] type 00 class 0x088000
[    1.796282] pci 0000:3f:0a.3: [8086:0ec3] type 00 class 0x088000
[    1.796337] pci 0000:3f:0b.0: [8086:0e1e] type 00 class 0x088000
[    1.796390] pci 0000:3f:0b.3: [8086:0e1f] type 00 class 0x088000
[    1.796447] pci 0000:3f:0c.0: [8086:0ee0] type 00 class 0x088000
[    1.796498] pci 0000:3f:0c.1: [8086:0ee2] type 00 class 0x088000
[    1.796550] pci 0000:3f:0c.2: [8086:0ee4] type 00 class 0x088000
[    1.796603] pci 0000:3f:0d.0: [8086:0ee1] type 00 class 0x088000
[    1.796657] pci 0000:3f:0d.1: [8086:0ee3] type 00 class 0x088000
[    1.796709] pci 0000:3f:0d.2: [8086:0ee5] type 00 class 0x088000
[    1.796764] pci 0000:3f:0e.0: [8086:0ea0] type 00 class 0x088000
[    1.796820] pci 0000:3f:0e.1: [8086:0e30] type 00 class 0x110100
[    1.796881] pci 0000:3f:0f.0: [8086:0ea8] type 00 class 0x088000
[    1.796948] pci 0000:3f:0f.1: [8086:0e71] type 00 class 0x088000
[    1.797014] pci 0000:3f:0f.2: [8086:0eaa] type 00 class 0x088000
[    1.797081] pci 0000:3f:0f.3: [8086:0eab] type 00 class 0x088000
[    1.797147] pci 0000:3f:0f.4: [8086:0eac] type 00 class 0x088000
[    1.797213] pci 0000:3f:0f.5: [8086:0ead] type 00 class 0x088000
[    1.797281] pci 0000:3f:10.0: [8086:0eb0] type 00 class 0x088000
[    1.797348] pci 0000:3f:10.1: [8086:0eb1] type 00 class 0x088000
[    1.797414] pci 0000:3f:10.2: [8086:0eb2] type 00 class 0x088000
[    1.797480] pci 0000:3f:10.3: [8086:0eb3] type 00 class 0x088000
[    1.797546] pci 0000:3f:10.4: [8086:0eb4] type 00 class 0x088000
[    1.797613] pci 0000:3f:10.5: [8086:0eb5] type 00 class 0x088000
[    1.797679] pci 0000:3f:10.7: [8086:0eb7] type 00 class 0x088000
[    1.797745] pci 0000:3f:13.0: [8086:0e1d] type 00 class 0x088000
[    1.797798] pci 0000:3f:13.1: [8086:0e34] type 00 class 0x110100
[    1.797854] pci 0000:3f:13.4: [8086:0e81] type 00 class 0x088000
[    1.797906] pci 0000:3f:13.5: [8086:0e36] type 00 class 0x110100
[    1.797961] pci 0000:3f:16.0: [8086:0ec8] type 00 class 0x088000
[    1.798012] pci 0000:3f:16.1: [8086:0ec9] type 00 class 0x088000
[    1.798063] pci 0000:3f:16.2: [8086:0eca] type 00 class 0x088000
[    1.798124] pci_bus 0000:3f: on NUMA node 0
[    1.798180] ACPI: PCI Root Bridge [P1B1] (domain 0000 [bus 7f])
[    1.804899] acpi PNP0A08:03: _OSC: OS supports [ExtendedConfig ASPM ClockPM Segments MSI]
[    1.814261] acpi PNP0A08:03: PCIe AER handled by firmware
[    1.820564] acpi PNP0A08:03: _OSC: OS now controls [PCIeHotplug PME PCIeCapability]
[    1.829254] acpi PNP0A08:03: FADT indicates ASPM is unsupported, using BIOS configuration
[    1.838577] PCI host bridge to bus 0000:7f
[    1.843259] pci_bus 0000:7f: root bus resource [bus 7f]
[    1.849213] pci 0000:7f:08.0: [8086:0e80] type 00 class 0x088000
[    1.849278] pci 0000:7f:09.0: [8086:0e90] type 00 class 0x088000
[    1.849339] pci 0000:7f:0a.0: [8086:0ec0] type 00 class 0x088000
[    1.849392] pci 0000:7f:0a.1: [8086:0ec1] type 00 class 0x088000
[    1.849445] pci 0000:7f:0a.2: [8086:0ec2] type 00 class 0x088000
[    1.849500] pci 0000:7f:0a.3: [8086:0ec3] type 00 class 0x088000
[    1.849555] pci 0000:7f:0b.0: [8086:0e1e] type 00 class 0x088000
[    1.849607] pci 0000:7f:0b.3: [8086:0e1f] type 00 class 0x088000
[    1.849659] pci 0000:7f:0c.0: [8086:0ee0] type 00 class 0x088000
[    1.849711] pci 0000:7f:0c.1: [8086:0ee2] type 00 class 0x088000
[    1.849766] pci 0000:7f:0c.2: [8086:0ee4] type 00 class 0x088000
[    1.849820] pci 0000:7f:0d.0: [8086:0ee1] type 00 class 0x088000
[    1.849871] pci 0000:7f:0d.1: [8086:0ee3] type 00 class 0x088000
[    1.849922] pci 0000:7f:0d.2: [8086:0ee5] type 00 class 0x088000
[    1.849976] pci 0000:7f:0e.0: [8086:0ea0] type 00 class 0x088000
[    1.850032] pci 0000:7f:0e.1: [8086:0e30] type 00 class 0x110100
[    1.850093] pci 0000:7f:0f.0: [8086:0ea8] type 00 class 0x088000
[    1.850161] pci 0000:7f:0f.1: [8086:0e71] type 00 class 0x088000
[    1.850231] pci 0000:7f:0f.2: [8086:0eaa] type 00 class 0x088000
[    1.850299] pci 0000:7f:0f.3: [8086:0eab] type 00 class 0x088000
[    1.850367] pci 0000:7f:0f.4: [8086:0eac] type 00 class 0x088000
[    1.850435] pci 0000:7f:0f.5: [8086:0ead] type 00 class 0x088000
[    1.850504] pci 0000:7f:10.0: [8086:0eb0] type 00 class 0x088000
[    1.850573] pci 0000:7f:10.1: [8086:0eb1] type 00 class 0x088000
[    1.850642] pci 0000:7f:10.2: [8086:0eb2] type 00 class 0x088000
[    1.850711] pci 0000:7f:10.3: [8086:0eb3] type 00 class 0x088000
[    1.850780] pci 0000:7f:10.4: [8086:0eb4] type 00 class 0x088000
[    1.850849] pci 0000:7f:10.5: [8086:0eb5] type 00 class 0x088000
[    1.850918] pci 0000:7f:10.7: [8086:0eb7] type 00 class 0x088000
[    1.850986] pci 0000:7f:13.0: [8086:0e1d] type 00 class 0x088000
[    1.851038] pci 0000:7f:13.1: [8086:0e34] type 00 class 0x110100
[    1.851091] pci 0000:7f:13.4: [8086:0e81] type 00 class 0x088000
[    1.851144] pci 0000:7f:13.5: [8086:0e36] type 00 class 0x110100
[    1.851201] pci 0000:7f:16.0: [8086:0ec8] type 00 class 0x088000
[    1.851254] pci 0000:7f:16.1: [8086:0ec9] type 00 class 0x088000
[    1.851306] pci 0000:7f:16.2: [8086:0eca] type 00 class 0x088000
[    1.851368] pci_bus 0000:7f: on NUMA node 1
[    1.851533] ACPI: PCI Interrupt Link [LK00] (IRQs 3 4 5 6 7 11 14 *15)
[    1.859861] ACPI: PCI Interrupt Link [LK01] (IRQs 3 4 5 6 7 11 *14 15)
[    1.868185] ACPI: PCI Interrupt Link [LK02] (IRQs 3 4 5 6 7 11 14 15) *0, disabled.
[    1.877961] ACPI: PCI Interrupt Link [LK03] (IRQs 3 4 5 6 7 *11 14 15)
[    1.886282] ACPI: PCI Interrupt Link [LK04] (IRQs 3 4 *5 6 7 11 14 15)
[    1.894599] ACPI: PCI Interrupt Link [LK05] (IRQs 3 4 5 6 7 11 14 15) *0, disabled.
[    1.904374] ACPI: PCI Interrupt Link [LK06] (IRQs 3 4 5 *6 7 11 14 15)
[    1.912697] ACPI: PCI Interrupt Link [LK07] (IRQs 3 4 5 6 7 11 *14 15)
[    1.921020] ACPI: Enabled 3 GPEs in block 00 to 3F
[    1.927285] vgaarb: setting as boot device: PCI:0000:0a:00.0
[    1.933767] vgaarb: device added: PCI:0000:0a:00.0,decodes=io+mem,owns=io+mem,locks=none
[    1.942973] vgaarb: loaded
[    1.946098] vgaarb: bridge control possible 0000:0a:00.0
[    1.952473] SCSI subsystem initialized
[    1.956869] libata version 3.00 loaded.
[    1.956898] ACPI: bus type USB registered
[    1.961507] usbcore: registered new interface driver usbfs
[    1.967756] usbcore: registered new interface driver hub
[    1.973906] usbcore: registered new device driver usb
[    1.979941] PCI: Using ACPI for IRQ routing
[    1.990445] PCI: pci_cache_line_size set to 64 bytes
[    1.990953] e820: reserve RAM buffer [mem 0x00099000-0x0009ffff]
[    1.990955] e820: reserve RAM buffer [mem 0xbd2f0000-0xbfffffff]
[    1.991166] NetLabel: Initializing
[    1.995072] NetLabel:  domain hash size = 128
[    2.000046] NetLabel:  protocols = UNLABELED CIPSOv4
[    2.005716] NetLabel:  unlabeled traffic allowed by default
[    2.012147] hpet0: at MMIO 0xfed00000, IRQs 2, 8, 0, 0, 0, 0, 0, 0
[    2.019963] hpet0: 8 comparators, 64-bit 14.318180 MHz counter
[    2.028685] Switched to clocksource hpet
[    2.040031] AppArmor: AppArmor Filesystem Enabled
[    2.045463] pnp: PnP ACPI init
[    2.049226] system 00:00: Plug and Play ACPI device, IDs PNP0c01 (active)
[    2.049281] pnp 00:01: Plug and Play ACPI device, IDs PNP0b00 (active)
[    2.049476] pnp 00:02: Plug and Play ACPI device, IDs PNP0501 (active)
[    2.049653] pnp 00:03: Plug and Play ACPI device, IDs PNP0501 (active)
[    2.050016] system 00:04: [io  0x0800-0x087f] could not be reserved
[    2.057139] system 00:04: [io  0x0880-0x08ff] has been reserved
[    2.063868] system 00:04: [io  0x0900-0x091f] has been reserved
[    2.070598] system 00:04: [io  0x0920-0x0923] has been reserved
[    2.077326] system 00:04: [io  0x0924] has been reserved
[    2.083376] system 00:04: [io  0x0370-0x0377] has been reserved
[    2.090105] system 00:04: [io  0x0ca0-0x0ca7] has been reserved
[    2.096834] system 00:04: [io  0x0ca9-0x0cab] has been reserved
[    2.103563] system 00:04: [io  0x0cad-0x0caf] has been reserved
[    2.110291] system 00:04: [io  0x0cb0-0x0cbf] has been reserved
[    2.117022] system 00:04: Plug and Play ACPI device, IDs PNP0c01 (active)
[    2.117112] system 00:05: [io  0x0ca8] has been reserved
[    2.123163] system 00:05: [io  0x0cac] has been reserved
[    2.129210] system 00:05: Plug and Play ACPI device, IDs IPI0001 PNP0c01 (active)
[    2.129587] system 00:06: [mem 0xe0000000-0xe3efffff] has been reserved
[    2.137097] system 00:06: Plug and Play ACPI device, IDs PNP0c02 (active)
[    2.137264] system 00:07: [mem 0xe4000000-0xe7ffffff] has been reserved
[    2.144765] system 00:07: Plug and Play ACPI device, IDs PNP0c02 (active)
[    2.144841] system 00:08: [mem 0xe3f00000-0xe3ffffff] has been reserved
[    2.152352] system 00:08: Plug and Play ACPI device, IDs PNP0c02 (active)
[    2.152429] system 00:09: [mem 0xdf100000-0xdf101fff] could not be reserved
[    2.160329] system 00:09: Plug and Play ACPI device, IDs PNP0c02 (active)
[    2.160425] system 00:0a: [mem 0xcf000000-0xcf001fff] could not be reserved
[    2.168323] system 00:0a: Plug and Play ACPI device, IDs PNP0c02 (active)
[    2.168472] pnp: PnP ACPI: found 11 devices
[    2.179802] pci 0000:02:00.1: can't claim BAR 6 [mem 0xdc000000-0xdc07ffff pref]: address conflict with 0000:02:00.0 [mem 0xdc000000-0xdc07ffff pref]
[    2.194918] pci 0000:06:00.1: can't claim BAR 6 [mem 0xdc800000-0xdc8fffff pref]: address conflict with 0000:06:00.0 [mem 0xdc800000-0xdc8fffff pref]
[    2.211020] pci 0000:00:01.0: PCI bridge to [bus 01]
[    2.216690] pci 0000:02:00.1: BAR 6: assigned [mem 0xdc080000-0xdc0fffff pref]
[    2.224899] pci 0000:00:02.0: PCI bridge to [bus 02]
[    2.230552] pci 0000:00:02.0:   bridge window [mem 0xdc000000-0xdc7fffff]
[    2.238256] pci 0000:00:02.0:   bridge window [mem 0xd1000000-0xd2ffffff 64bit pref]
[    2.247050] pci 0000:00:03.0: PCI bridge to [bus 03]
[    2.252712] pci 0000:00:03.0:   bridge window [mem 0xd4000000-0xdbffffff]
[    2.260414] pci 0000:00:03.0:   bridge window [mem 0x3fff3000000-0x3ffffffffff 64bit pref]
[    2.269793] pci 0000:00:11.0: PCI bridge to [bus 04]
[    2.275462] pci 0000:00:1c.0: PCI bridge to [bus 05]
[    2.281130] pci 0000:06:00.1: BAR 6: assigned [mem 0xdc900000-0xdc9fffff pref]
[    2.289331] pci 0000:00:1c.4: PCI bridge to [bus 06]
[    2.294993] pci 0000:00:1c.4:   bridge window [mem 0xdc800000-0xdd7fffff]
[    2.302702] pci 0000:09:00.0: PCI bridge to [bus 0a]
[    2.308503] pci 0000:09:00.0:   bridge window [mem 0xdd800000-0xde7fffff]
[    2.316293] pci 0000:09:00.0:   bridge window [mem 0xd0000000-0xd0ffffff 64bit pref]
[    2.325276] pci 0000:08:00.0: PCI bridge to [bus 09-0a]
[    2.331366] pci 0000:08:00.0:   bridge window [mem 0xdd800000-0xde7fffff]
[    2.339156] pci 0000:08:00.0:   bridge window [mem 0xd0000000-0xd0ffffff 64bit pref]
[    2.348138] pci 0000:08:01.0: PCI bridge to [bus 0b]
[    2.353938] pci 0000:08:01.0:   bridge window [mem 0xdef00000-0xdeffffff]
[    2.361984] pci 0000:07:00.0: PCI bridge to [bus 08-0b]
[    2.368061] pci 0000:07:00.0:   bridge window [mem 0xdd800000-0xdeffffff]
[    2.375841] pci 0000:07:00.0:   bridge window [mem 0xd0000000-0xd0ffffff 64bit pref]
[    2.384868] pci 0000:00:1c.7: PCI bridge to [bus 07-0b]
[    2.390823] pci 0000:00:1c.7:   bridge window [mem 0xdd800000-0xdeffffff]
[    2.398524] pci 0000:00:1c.7:   bridge window [mem 0xd0000000-0xd0ffffff 64bit pref]
[    2.407320] pci 0000:00:1e.0: PCI bridge to [bus 0c]
[    2.412989] pci_bus 0000:00: resource 4 [io  0x0000-0x03af]
[    2.412991] pci_bus 0000:00: resource 5 [io  0x03e0-0x0cf7]
[    2.412993] pci_bus 0000:00: resource 6 [io  0x03b0-0x03df]
[    2.412995] pci_bus 0000:00: resource 7 [io  0x0d00-0x1fff]
[    2.412996] pci_bus 0000:00: resource 8 [io  0xe000-0xffff]
[    2.412998] pci_bus 0000:00: resource 9 [mem 0x000a0000-0x000bffff]
[    2.413000] pci_bus 0000:00: resource 10 [mem 0xd0000000-0xdfffffff]
[    2.413002] pci_bus 0000:00: resource 11 [mem 0x3c000000000-0x3ffffffffff]
[    2.413004] pci_bus 0000:00: resource 12 [mem 0xfed40000-0xfed44fff]
[    2.413006] pci_bus 0000:02: resource 1 [mem 0xdc000000-0xdc7fffff]
[    2.413007] pci_bus 0000:02: resource 2 [mem 0xd1000000-0xd2ffffff 64bit pref]
[    2.413010] pci_bus 0000:03: resource 1 [mem 0xd4000000-0xdbffffff]
[    2.413011] pci_bus 0000:03: resource 2 [mem 0x3fff3000000-0x3ffffffffff 64bit pref]
[    2.413013] pci_bus 0000:06: resource 1 [mem 0xdc800000-0xdd7fffff]
[    2.413015] pci_bus 0000:07: resource 1 [mem 0xdd800000-0xdeffffff]
[    2.413017] pci_bus 0000:07: resource 2 [mem 0xd0000000-0xd0ffffff 64bit pref]
[    2.413019] pci_bus 0000:08: resource 1 [mem 0xdd800000-0xdeffffff]
[    2.413021] pci_bus 0000:08: resource 2 [mem 0xd0000000-0xd0ffffff 64bit pref]
[    2.413022] pci_bus 0000:09: resource 1 [mem 0xdd800000-0xde7fffff]
[    2.413024] pci_bus 0000:09: resource 2 [mem 0xd0000000-0xd0ffffff 64bit pref]
[    2.413026] pci_bus 0000:0a: resource 1 [mem 0xdd800000-0xde7fffff]
[    2.413028] pci_bus 0000:0a: resource 2 [mem 0xd0000000-0xd0ffffff 64bit pref]
[    2.413030] pci_bus 0000:0b: resource 1 [mem 0xdef00000-0xdeffffff]
[    2.413032] pci_bus 0000:0c: resource 4 [io  0x0000-0x03af]
[    2.413033] pci_bus 0000:0c: resource 5 [io  0x03e0-0x0cf7]
[    2.413035] pci_bus 0000:0c: resource 6 [io  0x03b0-0x03df]
[    2.413037] pci_bus 0000:0c: resource 7 [io  0x0d00-0x1fff]
[    2.413038] pci_bus 0000:0c: resource 8 [io  0xe000-0xffff]
[    2.413040] pci_bus 0000:0c: resource 9 [mem 0x000a0000-0x000bffff]
[    2.413042] pci_bus 0000:0c: resource 10 [mem 0xd0000000-0xdfffffff]
[    2.413044] pci_bus 0000:0c: resource 11 [mem 0x3c000000000-0x3ffffffffff]
[    2.413045] pci_bus 0000:0c: resource 12 [mem 0xfed40000-0xfed44fff]
[    2.413064] pci 0000:40:01.0: PCI bridge to [bus 41]
[    2.418724] pci 0000:40:01.0:   bridge window [mem 0xcc000000-0xceffffff]
[    2.426429] pci 0000:40:02.0: PCI bridge to [bus 42]
[    2.432097] pci 0000:40:03.0: PCI bridge to [bus 43]
[    2.437765] pci_bus 0000:40: resource 4 [io  0x2000-0x3fff]
[    2.437767] pci_bus 0000:40: resource 5 [io  0x4000-0x5fff]
[    2.437769] pci_bus 0000:40: resource 6 [io  0x6000-0x7fff]
[    2.437770] pci_bus 0000:40: resource 7 [io  0x8000-0x9fff]
[    2.437772] pci_bus 0000:40: resource 8 [io  0xa000-0xbfff]
[    2.437774] pci_bus 0000:40: resource 9 [io  0xc000-0xdfff]
[    2.437775] pci_bus 0000:40: resource 10 [mem 0xcc000000-0xcfffffff]
[    2.437777] pci_bus 0000:40: resource 11 [mem 0x38000000000-0x3bfffffffff]
[    2.437779] pci_bus 0000:41: resource 1 [mem 0xcc000000-0xceffffff]
[    2.437838] NET: Registered protocol family 2
[    2.454597] TCP established hash table entries: 262144 (order: 9, 2097152 bytes)
[    2.463465] TCP bind hash table entries: 65536 (order: 8, 1048576 bytes)
[    2.471238] TCP: Hash tables configured (established 262144 bind 65536)
[    2.478792] TCP: reno registered
[    2.482556] UDP hash table entries: 16384 (order: 7, 524288 bytes)
[    2.489697] UDP-Lite hash table entries: 16384 (order: 7, 524288 bytes)
[    2.497469] NET: Registered protocol family 1
[    2.517845] pci 0000:0a:00.0: Video device with shadowed ROM
[    2.517986] PCI: CLS 64 bytes, default 64
[    2.518052] Trying to unpack rootfs image as initramfs...
[    2.882110] Freeing initrd memory: 19472K (ffff88007ecfc000 - ffff880080000000)
[    2.891225] IOMMU: dmar0 using Queued invalidation
[    2.896697] IOMMU: dmar1 using Queued invalidation
[    2.902166] IOMMU: Setting RMRR:
[    2.905897] IOMMU: Setting identity map for device 0000:00:1d.0 [0xbf452000 - 0xbf452fff]
[    2.915218] IOMMU: Setting identity map for device 0000:00:1a.0 [0xbf450000 - 0xbf450fff]
[    2.924520] IOMMU: Setting identity map for device 0000:00:1a.0 [0xbf458000 - 0xbf46ffff]
[    2.933792] IOMMU: Setting identity map for device 0000:00:1d.0 [0xbf458000 - 0xbf46ffff]
[    2.943075] IOMMU: Prepare 0-16MiB unity mapping for LPC
[    2.949139] IOMMU: Setting identity map for device 0000:00:1f.0 [0x0 - 0xffffff]
[    2.957705] PCI-DMA: Intel(R) Virtualization Technology for Directed I/O
[    2.971881] RAPL PMU detected, hw unit 2^-16 Joules, API unit is 2^-32 Joules, 3 fixed counters 163840 ms ovfl timer
[    2.984841] microcode: CPU0 sig=0x306e4, pf=0x1, revision=0x416
[    2.991572] microcode: CPU1 sig=0x306e4, pf=0x1, revision=0x416
[    2.998324] microcode: CPU2 sig=0x306e4, pf=0x1, revision=0x416
[    3.005049] microcode: CPU3 sig=0x306e4, pf=0x1, revision=0x416
[    3.011780] microcode: CPU4 sig=0x306e4, pf=0x1, revision=0x416
[    3.018512] microcode: CPU5 sig=0x306e4, pf=0x1, revision=0x416
[    3.025247] microcode: CPU6 sig=0x306e4, pf=0x1, revision=0x416
[    3.031979] microcode: CPU7 sig=0x306e4, pf=0x1, revision=0x416
[    3.038714] microcode: CPU8 sig=0x306e4, pf=0x1, revision=0x416
[    3.045445] microcode: CPU9 sig=0x306e4, pf=0x1, revision=0x416
[    3.052180] microcode: CPU10 sig=0x306e4, pf=0x1, revision=0x416
[    3.059008] microcode: CPU11 sig=0x306e4, pf=0x1, revision=0x416
[    3.065837] microcode: CPU12 sig=0x306e4, pf=0x1, revision=0x416
[    3.072663] microcode: CPU13 sig=0x306e4, pf=0x1, revision=0x416
[    3.079489] microcode: CPU14 sig=0x306e4, pf=0x1, revision=0x416
[    3.086320] microcode: CPU15 sig=0x306e4, pf=0x1, revision=0x416
[    3.093149] microcode: CPU16 sig=0x306e4, pf=0x1, revision=0x416
[    3.099976] microcode: CPU17 sig=0x306e4, pf=0x1, revision=0x416
[    3.106804] microcode: CPU18 sig=0x306e4, pf=0x1, revision=0x416
[    3.113632] microcode: CPU19 sig=0x306e4, pf=0x1, revision=0x416
[    3.120460] microcode: CPU20 sig=0x306e4, pf=0x1, revision=0x416
[    3.127285] microcode: CPU21 sig=0x306e4, pf=0x1, revision=0x416
[    3.134115] microcode: CPU22 sig=0x306e4, pf=0x1, revision=0x416
[    3.140940] microcode: CPU23 sig=0x306e4, pf=0x1, revision=0x416
[    3.147841] microcode: Microcode Update Driver: v2.00 <tigran@aivazian.fsnet.co.uk>, Peter Oruba
[    3.157850] Scanning for low memory corruption every 60 seconds
[    3.165533] futex hash table entries: 16384 (order: 8, 1048576 bytes)
[    3.173025] Initialise system trusted keyring
[    3.178044] audit: initializing netlink subsys (disabled)
[    3.184209] audit: type=2000 audit(1445982460.556:1): initialized
[    3.191841] HugeTLB registered 2 MB page size, pre-allocated 0 pages
[    3.200598] zpool: loaded
[    3.203635] zbud: loaded
[    3.206772] VFS: Disk quotas dquot_6.5.2
[    3.211323] VFS: Dquot-cache hash table entries: 512 (order 0, 4096 bytes)
[    3.219746] fuse init (API version 7.23)
[    3.224427] Key type big_key registered
[    3.229364] Key type asymmetric registered
[    3.234052] Asymmetric key parser 'x509' registered
[    3.239658] Block layer SCSI generic (bsg) driver version 0.4 loaded (major 252)
[    3.248159] io scheduler noop registered
[    3.252655] io scheduler deadline registered (default)
[    3.258535] io scheduler cfq registered
[    3.269402] pcieport 0000:00:01.0: Signaling PME through PCIe PME interrupt
[    3.277300] pcie_pme 0000:00:01.0:pcie01: service driver pcie_pme loaded
[    3.277317] pcieport 0000:00:02.0: Signaling PME through PCIe PME interrupt
[    3.285210] pci 0000:02:00.0: Signaling PME through PCIe PME interrupt
[    3.292615] pci 0000:02:00.1: Signaling PME through PCIe PME interrupt
[    3.300024] pcie_pme 0000:00:02.0:pcie01: service driver pcie_pme loaded
[    3.300038] pcieport 0000:00:03.0: Signaling PME through PCIe PME interrupt
[    3.307923] pci 0000:03:00.0: Signaling PME through PCIe PME interrupt
[    3.315329] pcie_pme 0000:00:03.0:pcie01: service driver pcie_pme loaded
[    3.315346] pcieport 0000:00:11.0: Signaling PME through PCIe PME interrupt
[    3.323232] pcie_pme 0000:00:11.0:pcie01: service driver pcie_pme loaded
[    3.323248] pcieport 0000:00:1c.0: Signaling PME through PCIe PME interrupt
[    3.331143] pcie_pme 0000:00:1c.0:pcie01: service driver pcie_pme loaded
[    3.331159] pcieport 0000:00:1c.4: Signaling PME through PCIe PME interrupt
[    3.339050] pci 0000:06:00.0: Signaling PME through PCIe PME interrupt
[    3.346456] pci 0000:06:00.1: Signaling PME through PCIe PME interrupt
[    3.353855] pcie_pme 0000:00:1c.4:pcie01: service driver pcie_pme loaded
[    3.353872] pcieport 0000:00:1c.7: Signaling PME through PCIe PME interrupt
[    3.361766] pcieport 0000:07:00.0: Signaling PME through PCIe PME interrupt
[    3.369658] pcieport 0000:08:00.0: Signaling PME through PCIe PME interrupt
[    3.377549] pci 0000:09:00.0: Signaling PME through PCIe PME interrupt
[    3.384946] pci 0000:0a:00.0: Signaling PME through PCIe PME interrupt
[    3.392351] pcieport 0000:08:01.0: Signaling PME through PCIe PME interrupt
[    3.400247] pcie_pme 0000:00:1c.7:pcie01: service driver pcie_pme loaded
[    3.400267] pcieport 0000:40:01.0: Signaling PME through PCIe PME interrupt
[    3.408160] pci 0000:41:00.0: Signaling PME through PCIe PME interrupt
[    3.415567] pcie_pme 0000:40:01.0:pcie01: service driver pcie_pme loaded
[    3.415585] pcieport 0000:40:02.0: Signaling PME through PCIe PME interrupt
[    3.423479] pcie_pme 0000:40:02.0:pcie01: service driver pcie_pme loaded
[    3.423497] pcieport 0000:40:03.0: Signaling PME through PCIe PME interrupt
[    3.431459] pcie_pme 0000:40:03.0:pcie01: service driver pcie_pme loaded
[    3.431470] pci_hotplug: PCI Hot Plug PCI Core version: 0.5
[    3.437825] pciehp: PCI Express Hot Plug Controller Driver version: 0.4
[    3.445387] intel_idle: does not run on family 6 model 62
[    3.445471] input: Power Button as /devices/LNXSYSTM:00/LNXPWRBN:00/input/input0
[    3.453873] ACPI: Power Button [PWRF]
[    3.460106] ERST: Error Record Serialization Table (ERST) support is initialized.
[    3.468604] pstore: Registered erst as persistent store backend
[    3.475331] GHES: GHES is not enabled!
[    3.479742] Serial: 8250/16550 driver, 32 ports, IRQ sharing enabled
[    3.507432] 00:02: ttyS0 at I/O 0x3f8 (irq = 4, base_baud = 115200) is a 16550A
[    3.536231] 00:03: ttyS1 at I/O 0x2f8 (irq = 3, base_baud = 115200) is a 16550A
[    3.546170] Linux agpgart interface v0.103
[    3.552703] brd: module loaded
[    3.557055] loop: module loaded
[    3.560993] libphy: Fixed MDIO Bus: probed
[    3.565684] tun: Universal TUN/TAP device driver, 1.6
[    3.571438] tun: (C) 1999-2004 Max Krasnyansky <maxk@qualcomm.com>
[    3.578512] PPP generic driver version 2.4.2
[    3.583481] ehci_hcd: USB 2.0 'Enhanced' Host Controller (EHCI) Driver
[    3.590903] ehci-pci: EHCI PCI platform driver
[    3.596218] ehci-pci 0000:00:1a.0: EHCI Host Controller
[    3.602184] ehci-pci 0000:00:1a.0: new USB bus registered, assigned bus number 1
[    3.610597] ehci-pci 0000:00:1a.0: debug port 2
[    3.619696] ehci-pci 0000:00:1a.0: cache line size of 64 is not supported
[    3.619709] ehci-pci 0000:00:1a.0: irq 23, io mem 0xdf0fd000
[    3.637945] ehci-pci 0000:00:1a.0: USB 2.0 started, EHCI 1.00
[    3.644527] usb usb1: New USB device found, idVendor=1d6b, idProduct=0002
[    3.652225] usb usb1: New USB device strings: Mfr=3, Product=2, SerialNumber=1
[    3.660431] usb usb1: Product: EHCI Host Controller
[    3.665990] usb usb1: Manufacturer: Linux 3.19.0-30-generic ehci_hcd
[    3.673202] usb usb1: SerialNumber: 0000:00:1a.0
[    3.678586] hub 1-0:1.0: USB hub found
[    3.682881] hub 1-0:1.0: 2 ports detected
[    3.687775] ehci-pci 0000:00:1d.0: EHCI Host Controller
[    3.693732] ehci-pci 0000:00:1d.0: new USB bus registered, assigned bus number 2
[    3.702205] ehci-pci 0000:00:1d.0: debug port 2
[    3.711293] ehci-pci 0000:00:1d.0: cache line size of 64 is not supported
[    3.711306] ehci-pci 0000:00:1d.0: irq 22, io mem 0xdf0fe000
[    3.726013] ehci-pci 0000:00:1d.0: USB 2.0 started, EHCI 1.00
[    3.732590] usb usb2: New USB device found, idVendor=1d6b, idProduct=0002
[    3.740290] usb usb2: New USB device strings: Mfr=3, Product=2, SerialNumber=1
[    3.748495] usb usb2: Product: EHCI Host Controller
[    3.754054] usb usb2: Manufacturer: Linux 3.19.0-30-generic ehci_hcd
[    3.761264] usb usb2: SerialNumber: 0000:00:1d.0
[    3.766635] hub 2-0:1.0: USB hub found
[    3.770937] hub 2-0:1.0: 2 ports detected
[    3.775632] ehci-platform: EHCI generic platform driver
[    3.781593] ohci_hcd: USB 1.1 'Open' Host Controller (OHCI) Driver
[    3.788618] ohci-pci: OHCI PCI platform driver
[    3.793711] ohci-platform: OHCI generic platform driver
[    3.799669] uhci_hcd: USB Universal Host Controller Interface driver
[    3.806940] i8042: PNP: No PS/2 controller found. Probing ports directly.
[    3.970218] tsc: Refined TSC clocksource calibration: 2099.999 MHz
[    4.330485] usb 1-1: new high-speed USB device number 2 using ehci-pci
[    4.390771] usb 2-1: new high-speed USB device number 2 using ehci-pci
[    4.490978] usb 1-1: New USB device found, idVendor=8087, idProduct=0024
[    4.498583] usb 1-1: New USB device strings: Mfr=0, Product=0, SerialNumber=0
[    4.506890] hub 1-1:1.0: USB hub found
[    4.511243] hub 1-1:1.0: 6 ports detected
[    4.844244] i8042: No controller found
[    4.848638] mousedev: PS/2 mouse device common for all mice
[    4.855080] rtc_cmos 00:01: RTC can wake from S4
[    4.860490] rtc_cmos 00:01: rtc core: registered rtc_cmos as rtc0
[    4.863271] usb 2-1: New USB device found, idVendor=8087, idProduct=0024
[    4.863272] usb 2-1: New USB device strings: Mfr=0, Product=0, SerialNumber=0
[    4.863418] hub 2-1:1.0: USB hub found
[    4.863518] hub 2-1:1.0: 8 ports detected
[    4.892041] rtc_cmos 00:01: alarms up to one day, y3k, 242 bytes nvram, hpet irqs
[    4.900561] i2c /dev entries driver
[    4.904652] device-mapper: uevent: version 1.0.3
[    4.910021] device-mapper: ioctl: 4.29.0-ioctl (2014-10-28) initialised: dm-devel@redhat.com
[    4.919617] Intel P-state driver initializing.
[    4.925128] Consider also installing thermald for improved thermal control.
[    4.933053] ledtrig-cpu: registered to indicate activity on CPUs
[    4.940029] PCCT header not found.
[    4.943937] ACPI PCC probe failed.
[    4.947956] TCP: cubic registered
[    4.951915] NET: Registered protocol family 10
[    4.957399] NET: Registered protocol family 17
[    4.973651] Key type dns_resolver registered
[    4.979105] Switched to clocksource tsc
[    4.979479] Loading compiled-in X.509 certificates
[    4.980435] Loaded X.509 cert 'Magrathea: Glacier signing key: 48a35745535d8d6f341b30c63c3aa38578743d0d'
[    4.980452] registered taskstats version 1
[    4.982330] Key type trusted registered
[    4.985217] Key type encrypted registered
[    4.985224] AppArmor: AppArmor sha1 policy hashing enabled
[    4.985228] ima: No TPM chip found, activating TPM-bypass!
[    4.985250] evm: HMAC attrs: 0x1
[    4.988974]   Magic number: 3:519:804
[    4.999702] rtc_cmos 00:01: setting system clock to 2015-10-27 21:47:45 UTC (1445982465)
[    4.999764] BIOS EDD facility v0.16 2004-Jun-25, 0 devices found
[    4.999765] EDD information not available.
[    4.999819] PM: Hibernation image not present or could not be loaded.
[    5.019020] usb 1-1.6: new high-speed USB device number 3 using ehci-pci
[    5.062643] Freeing unused kernel memory: 1408K (ffffffff81d27000 - ffffffff81e87000)
[    5.071538] Write protecting the kernel read-only data: 12288k
[    5.078428] Freeing unused kernel memory: 260K (ffff8800017bf000 - ffff880001800000)
[    5.087383] Freeing unused kernel memory: 340K (ffff880001bab000 - ffff880001c00000)
[    5.109229] systemd-udevd[271]: starting version 204
[    5.115962] usb 1-1.6: New USB device found, idVendor=0624, idProduct=0248
[    5.123762] usb 1-1.6: New USB device strings: Mfr=1, Product=2, SerialNumber=3
[    5.132118] usb 1-1.6: Product: Gadget USB HUB
[    5.138736] usb 1-1.6: Manufacturer: no manufacturer
[    5.138764] pps_core: LinuxPPS API ver. 1 registered
[    5.138764] pps_core: Software ver. 5.3.6 - Copyright 2005-2007 Rodolfo Giometti <giometti@linux.it>
[    5.165047] usb 1-1.6: SerialNumber: 0123456789
[    5.171776] usb 2-1.2: new low-speed USB device number 3 using ehci-pci
[    5.181084] PTP clock support registered
[    5.181185] hub 1-1.6:1.0: USB hub found
[    5.181263] hub 1-1.6:1.0: 6 ports detected
[    5.199167] ahci 0000:00:1f.2: version 3.0
[    5.200435] dca service started, version 1.12.1
[    5.212209] igb: Intel(R) Gigabit Ethernet Network Driver - version 5.2.15-k
[    5.215218] ahci 0000:00:1f.2: AHCI 0001.0300 32 slots 6 ports 3 Gbps 0x3f impl RAID mode
[    5.215221] ahci 0000:00:1f.2: flags: 64bit ncq sntf pm led clo pio slum part ems apst 
[    5.238558] igb: Copyright (c) 2007-2014 Intel Corporation.
[    5.244973] i40e: Intel(R) Ethernet Connection XL710 Network Driver - version 1.2.2-k
[    5.253863] i40e: Copyright (c) 2013 - 2014 Intel Corporation.
[    5.255774] scsi host0: ahci
[    5.255896] scsi host1: ahci
[    5.255998] scsi host2: ahci
[    5.256101] scsi host3: ahci
[    5.256201] scsi host4: ahci
[    5.256301] scsi host5: ahci
[    5.256349] ata1: SATA max UDMA/133 abar m2048@0xdf0ff000 port 0xdf0ff100 irq 36
[    5.256351] ata2: SATA max UDMA/133 abar m2048@0xdf0ff000 port 0xdf0ff180 irq 36
[    5.256353] ata3: SATA max UDMA/133 abar m2048@0xdf0ff000 port 0xdf0ff200 irq 36
[    5.256356] ata4: SATA max UDMA/133 abar m2048@0xdf0ff000 port 0xdf0ff280 irq 36
[    5.256358] ata5: SATA max UDMA/133 abar m2048@0xdf0ff000 port 0xdf0ff300 irq 36
[    5.256361] ata6: SATA max UDMA/133 abar m2048@0xdf0ff000 port 0xdf0ff380 irq 36
[    5.276838] usb 2-1.2: New USB device found, idVendor=413c, idProduct=2003
[    5.276839] usb 2-1.2: New USB device strings: Mfr=1, Product=2, SerialNumber=0
[    5.276841] usb 2-1.2: Product: Dell USB Keyboard
[    5.276842] usb 2-1.2: Manufacturer: Dell
[    5.346735] igb 0000:06:00.0: added PHC on eth0
[    5.346736] igb 0000:06:00.0: Intel(R) Gigabit Ethernet Network Connection
[    5.346738] igb 0000:06:00.0: eth0: (PCIe:5.0Gb/s:Width x2) f0:1f:af:e9:23:7d
[    5.346818] igb 0000:06:00.0: eth0: PBA No: 106300-000
[    5.346819] igb 0000:06:00.0: Using MSI-X interrupts. 8 rx queue(s), 8 tx queue(s)
[    5.351278] usb 2-1.8: new high-speed USB device number 4 using ehci-pci
[    5.422586] i40e 0000:02:00.0: f4.22 a1.1 n04.24 e800013fc
[    5.467375] usb 1-1.6.1: new high-speed USB device number 4 using ehci-pci
[    5.575462] ata6: SATA link down (SStatus 0 SControl 300)
[    5.576322] usb 1-1.6.1: New USB device found, idVendor=0624, idProduct=0249
[    5.576323] usb 1-1.6.1: New USB device strings: Mfr=4, Product=5, SerialNumber=6
[    5.576325] usb 1-1.6.1: Product: Keyboard/Mouse Function
[    5.576326] usb 1-1.6.1: Manufacturer: Avocent
[    5.576327] usb 1-1.6.1: SerialNumber: 20120917
[    5.614484] ata4: SATA link down (SStatus 0 SControl 300)
[    5.614538] hidraw: raw HID events driver (C) Jiri Kosina
[    5.626794] ata5: SATA link up 1.5 Gbps (SStatus 113 SControl 300)
[    5.633835] ata1: SATA link up 3.0 Gbps (SStatus 123 SControl 300)
[    5.640875] ata3: SATA link down (SStatus 0 SControl 300)
[    5.644964] usbcore: registered new interface driver usbhid
[    5.644964] usbhid: USB HID core driver
[    5.657708] igb 0000:06:00.1: added PHC on eth1
[    5.657709] igb 0000:06:00.1: Intel(R) Gigabit Ethernet Network Connection
[    5.657711] igb 0000:06:00.1: eth1: (PCIe:5.0Gb/s:Width x2) f0:1f:af:e9:23:7e
[    5.657806] igb 0000:06:00.1: eth1: PBA No: 106300-000
[    5.657807] igb 0000:06:00.1: Using MSI-X interrupts. 8 rx queue(s), 8 tx queue(s)
[    5.659377] i40e 0000:02:00.0: FCoE is supported.
[    5.661331] i40e 0000:02:00.0: MAC address: 68:05:ca:34:8d:48
[    5.665350] i40e 0000:02:00.0: SAN MAC: 68:05:ca:34:8d:4c
[    5.673396] i40e 0000:02:00.0: fcoe queues = 8
[    5.684033] usb 2-1.8: New USB device found, idVendor=0403, idProduct=6011
[    5.684034] usb 2-1.8: New USB device strings: Mfr=1, Product=2, SerialNumber=3
[    5.684036] usb 2-1.8: Product: AMDA0058-0002-15171437
[    5.684037] usb 2-1.8: Manufacturer: Netronome
[    5.684038] usb 2-1.8: SerialNumber: 00
[    5.722392] igb 0000:06:00.1 em2: renamed from eth1
[    5.733098] input: Dell Dell USB Keyboard as /devices/pci0000:00/0000:00:1d.0/usb2/2-1/2-1.2/2-1.2:1.0/0003:413C:2003.0001/input/input1
[    5.767509] ata2: SATA link down (SStatus 0 SControl 300)
[    5.773671] ata5.00: ATAPI: PLDS DVD-ROM DH-16D7S, WD11, max UDMA/100
[    5.781121] ata1.00: ATA-8: WDC WD5003ABYX-18WERA0, 01.01S04, max UDMA/133
[    5.783746] systemd-udevd[285]: renamed network interface eth1 to em2
[    5.783982] igb 0000:06:00.0 em1: renamed from eth0
[    5.787732] hid-generic 0003:413C:2003.0001: input,hidraw0: USB HID v1.10 Keyboard [Dell Dell USB Keyboard] on usb-0000:00:1d.0-1.2/input0
[    5.787901] input: Avocent Keyboard/Mouse Function as /devices/pci0000:00/0000:00:1a.0/usb1/1-1/1-1.6/1-1.6.1/1-1.6.1:1.0/0003:0624:0249.0002/input/input2
[    5.831452] ata1.00: 976773168 sectors, multi 0: LBA48 NCQ (depth 31/32), AA
[    5.840006] ata5.00: configured for UDMA/100
[    5.843734] hid-generic 0003:0624:0249.0002: input,hidraw1: USB HID v1.00 Keyboard [Avocent Keyboard/Mouse Function] on usb-0000:00:1a.0-1.6.1/input0
[    5.843844] input: Avocent Keyboard/Mouse Function as /devices/pci0000:00/0000:00:1a.0/usb1/1-1/1-1.6/1-1.6.1/1-1.6.1:1.1/0003:0624:0249.0003/input/input3
[    5.843938] hid-generic 0003:0624:0249.0003: input,hidraw2: USB HID v1.00 Mouse [Avocent Keyboard/Mouse Function] on usb-0000:00:1a.0-1.6.1/input1
[    5.844036] input: Avocent Keyboard/Mouse Function as /devices/pci0000:00/0000:00:1a.0/usb1/1-1/1-1.6/1-1.6.1/1-1.6.1:1.2/0003:0624:0249.0004/input/input4
[    5.844127] hid-generic 0003:0624:0249.0004: input,hidraw3: USB HID v1.00 Mouse [Avocent Keyboard/Mouse Function] on usb-0000:00:1a.0-1.6.1/input2
[    5.920886] i40e 0000:02:00.0: i40e_ptp_init: added PHC on eth2
[    5.927676] ata1.00: configured for UDMA/133
[    5.932675] scsi 0:0:0:0: Direct-Access     ATA      WDC WD5003ABYX-1 1S04 PQ: 0 ANSI: 5
[    5.935851] systemd-udevd[280]: renamed network interface eth0 to em1
[    5.949331] sd 0:0:0:0: [sda] 976773168 512-byte logical blocks: (500 GB/465 GiB)
[    5.949366] sd 0:0:0:0: Attached scsi generic sg0 type 0
[    5.951401] scsi 4:0:0:0: CD-ROM            PLDS     DVD-ROM DH-16D7S WD11 PQ: 0 ANSI: 5
[    5.973089] sd 0:0:0:0: [sda] Write Protect is off
[    5.975278] sr 4:0:0:0: [sr0] scsi3-mmc drive: 48x/48x cd/rw xa/form2 cdda tray
[    5.975280] cdrom: Uniform CD-ROM driver Revision: 3.20
[    5.975405] sr 4:0:0:0: Attached scsi CD-ROM sr0
[    5.975471] sr 4:0:0:0: Attached scsi generic sg1 type 5
[    5.998841] sd 0:0:0:0: [sda] Mode Sense: 00 3a 00 00
[    5.998860] sd 0:0:0:0: [sda] Write cache: enabled, read cache: enabled, doesn't support DPO or FUA
[    6.022040]  sda: sda1 sda2 < sda5 >
[    6.026394] sd 0:0:0:0: [sda] Attached SCSI disk
[    6.048015] i40e 0000:02:00.0: PCI-Express: Speed 8.0GT/s Width x8
[    6.055040] i40e 0000:02:00.0: Features: PF-id[0] VFs: 64 VSIs: 66 QP: 24 RSS FD_ATR FD_SB NTUPLE DCB PTP FCOE 
[    6.085860] i40e 0000:02:00.1: f4.22 a1.1 n04.24 e800013fc
[    6.335138] i40e 0000:02:00.1: FCoE is supported.
[    6.336265] EXT4-fs (sda1): mounted filesystem with ordered data mode. Opts: (null)
[    6.352804] i40e 0000:02:00.1: MAC address: 68:05:ca:34:8d:49
[    6.368453] i40e 0000:02:00.1: SAN MAC: 68:05:ca:34:8d:4d
[    6.382662] i40e 0000:02:00.1: fcoe queues = 8
[    6.438179] i40e 0000:02:00.1: i40e_ptp_init: added PHC on eth0
[    6.540480] i40e 0000:02:00.1: PCI-Express: Speed 8.0GT/s Width x8
[    6.547503] i40e 0000:02:00.1: Features: PF-id[1] VFs: 64 VSIs: 66 QP: 24 RSS FD_ATR FD_SB NTUPLE DCB PTP FCOE 
[    7.080107] random: init urandom read with 110 bits of entropy available
[    7.282637] random: nonblocking pool is initialized
[    9.110804] ERST: NVRAM ERST Log Address Range not implemented yet.
[    9.262700] systemd-udevd[492]: starting version 204
[    9.448309] Request for unknown module key 'Magrathea: Glacier signing key: 53b87e38b524cd2812672fc8904371ea0fabdce5' err -11
[    9.448359] parport: module verification failed: signature and/or  required key missing - tainting kernel
[    9.483292] Request for unknown module key 'Magrathea: Glacier signing key: 53b87e38b524cd2812672fc8904371ea0fabdce5' err -11
[    9.485147] lp: driver loaded but no devices found
[    9.568394] Request for unknown module key 'Magrathea: Glacier signing key: 53b87e38b524cd2812672fc8904371ea0fabdce5' err -11
[    9.591295] Request for unknown module key 'Magrathea: Glacier signing key: 53b87e38b524cd2812672fc8904371ea0fabdce5' err -11
[    9.591745] ipmi message handler version 39.2
[    9.648864] Request for unknown module key 'Magrathea: Glacier signing key: 53b87e38b524cd2812672fc8904371ea0fabdce5' err -11
[    9.649798] shpchp: Standard Hot Plug PCI Controller Driver version: 0.4
[    9.650313] Request for unknown module key 'Magrathea: Glacier signing key: 53b87e38b524cd2812672fc8904371ea0fabdce5' err -11
[    9.650314] Request for unknown module key 'Magrathea: Glacier signing key: 53b87e38b524cd2812672fc8904371ea0fabdce5' err -11
[    9.650806] wmi: Mapper loaded
[    9.653023] Request for unknown module key 'Magrathea: Glacier signing key: 53b87e38b524cd2812672fc8904371ea0fabdce5' err -11
[    9.653353] dcdbas dcdbas: Dell Systems Management Base Driver (version 5.6.0-3.2)
[    9.663185] Request for unknown module key 'Magrathea: Glacier signing key: 53b87e38b524cd2812672fc8904371ea0fabdce5' err -11
[    9.663195] Request for unknown module key 'Magrathea: Glacier signing key: 53b87e38b524cd2812672fc8904371ea0fabdce5' err -11
[    9.663200] Request for unknown module key 'Magrathea: Glacier signing key: 53b87e38b524cd2812672fc8904371ea0fabdce5' err -11
[    9.663212] Request for unknown module key 'Magrathea: Glacier signing key: 53b87e38b524cd2812672fc8904371ea0fabdce5' err -11
[    9.663217] Request for unknown module key 'Magrathea: Glacier signing key: 53b87e38b524cd2812672fc8904371ea0fabdce5' err -11
[    9.686275] Request for unknown module key 'Magrathea: Glacier signing key: 53b87e38b524cd2812672fc8904371ea0fabdce5' err -11
[    9.693938] Request for unknown module key 'Magrathea: Glacier signing key: 53b87e38b524cd2812672fc8904371ea0fabdce5' err -11
[    9.704387] Request for unknown module key 'Magrathea: Glacier signing key: 53b87e38b524cd2812672fc8904371ea0fabdce5' err -11
[    9.704403] Request for unknown module key 'Magrathea: Glacier signing key: 53b87e38b524cd2812672fc8904371ea0fabdce5' err -11
[    9.704901] EDAC MC: Ver: 3.0.0
[    9.706890] Request for unknown module key 'Magrathea: Glacier signing key: 53b87e38b524cd2812672fc8904371ea0fabdce5' err -11
[    9.706896] Request for unknown module key 'Magrathea: Glacier signing key: 53b87e38b524cd2812672fc8904371ea0fabdce5' err -11
[    9.706898] Request for unknown module key 'Magrathea: Glacier signing key: 53b87e38b524cd2812672fc8904371ea0fabdce5' err -11
[    9.706900] Request for unknown module key 'Magrathea: Glacier signing key: 53b87e38b524cd2812672fc8904371ea0fabdce5' err -11
[    9.707441] usbcore: registered new interface driver usbserial
[    9.707465] usbcore: registered new interface driver usbserial_generic
[    9.707490] usbserial: USB Serial support registered for generic
[    9.710561] Request for unknown module key 'Magrathea: Glacier signing key: 53b87e38b524cd2812672fc8904371ea0fabdce5' err -11
[    9.717272] Request for unknown module key 'Magrathea: Glacier signing key: 53b87e38b524cd2812672fc8904371ea0fabdce5' err -11
[    9.717709] ACPI Error: No handler for Region [SYSI] (ffff88042f4a31b0) [IPMI] (20141107/evregion-163)
[    9.717714] ACPI Error: Region IPMI (ID=7) has no handler (20141107/exfldio-299)
[    9.717719] ACPI Error: Method parse/execution failed [\_SB_.PMI0._GHL] (Node ffff88042f4a6050), AE_NOT_EXIST (20141107/psparse-536)
[    9.717727] ACPI Error: Method parse/execution failed [\_SB_.PMI0._PMC] (Node ffff88042f4a2fa0), AE_NOT_EXIST (20141107/psparse-536)
[    9.717734] ACPI Exception: AE_NOT_EXIST, Evaluating _PMC (20141107/power_meter-755)
[    9.719123] Request for unknown module key 'Magrathea: Glacier signing key: 53b87e38b524cd2812672fc8904371ea0fabdce5' err -11
[    9.719391] mei_me 0000:00:16.0: Device doesn't have valid ME Interface
[    9.720871] Request for unknown module key 'Magrathea: Glacier signing key: 53b87e38b524cd2812672fc8904371ea0fabdce5' err -11
[    9.720875] Request for unknown module key 'Magrathea: Glacier signing key: 53b87e38b524cd2812672fc8904371ea0fabdce5' err -11
[    9.721134] EDAC sbridge: Seeking for: PCI ID 8086:0ea0
[    9.721145] EDAC sbridge: Seeking for: PCI ID 8086:0ea0
[    9.721151] EDAC sbridge: Seeking for: PCI ID 8086:0ea0
[    9.721153] EDAC sbridge: Seeking for: PCI ID 8086:0ea8
[    9.721157] EDAC sbridge: Seeking for: PCI ID 8086:0ea8
[    9.721162] EDAC sbridge: Seeking for: PCI ID 8086:0ea8
[    9.721163] EDAC sbridge: Seeking for: PCI ID 8086:0e71
[    9.721168] EDAC sbridge: Seeking for: PCI ID 8086:0e71
[    9.721172] EDAC sbridge: Seeking for: PCI ID 8086:0e71
[    9.721174] EDAC sbridge: Seeking for: PCI ID 8086:0eaa
[    9.721179] EDAC sbridge: Seeking for: PCI ID 8086:0eaa
[    9.721183] EDAC sbridge: Seeking for: PCI ID 8086:0eaa
[    9.721185] EDAC sbridge: Seeking for: PCI ID 8086:0eab
[    9.721189] EDAC sbridge: Seeking for: PCI ID 8086:0eab
[    9.721194] EDAC sbridge: Seeking for: PCI ID 8086:0eab
[    9.721196] EDAC sbridge: Seeking for: PCI ID 8086:0eac
[    9.721200] EDAC sbridge: Seeking for: PCI ID 8086:0eac
[    9.721205] EDAC sbridge: Seeking for: PCI ID 8086:0eac
[    9.721207] EDAC sbridge: Seeking for: PCI ID 8086:0ead
[    9.721211] EDAC sbridge: Seeking for: PCI ID 8086:0ead
[    9.721216] EDAC sbridge: Seeking for: PCI ID 8086:0ead
[    9.721217] EDAC sbridge: Seeking for: PCI ID 8086:0ec8
[    9.721222] EDAC sbridge: Seeking for: PCI ID 8086:0ec8
[    9.721227] EDAC sbridge: Seeking for: PCI ID 8086:0ec8
[    9.721228] EDAC sbridge: Seeking for: PCI ID 8086:0ec9
[    9.721233] EDAC sbridge: Seeking for: PCI ID 8086:0ec9
[    9.721237] EDAC sbridge: Seeking for: PCI ID 8086:0ec9
[    9.721238] EDAC sbridge: Seeking for: PCI ID 8086:0eca
[    9.721243] EDAC sbridge: Seeking for: PCI ID 8086:0eca
[    9.721247] EDAC sbridge: Seeking for: PCI ID 8086:0eca
[    9.721248] EDAC sbridge: Seeking for: PCI ID 8086:0e60
[    9.721254] EDAC sbridge: Seeking for: PCI ID 8086:0e6a
[    9.721259] EDAC sbridge: Seeking for: PCI ID 8086:0e6b
[    9.721265] EDAC sbridge: Seeking for: PCI ID 8086:0eb8
[    9.721270] EDAC sbridge: Seeking for: PCI ID 8086:0ebc
[    9.721485] EDAC MC0: Giving out device to module sbridge_edac.c controller Ivy Bridge Socket#0: DEV 0000:3f:0e.0 (POLLED)
[    9.721694] EDAC MC1: Giving out device to module sbridge_edac.c controller Ivy Bridge Socket#1: DEV 0000:7f:0e.0 (POLLED)
[    9.721696] EDAC sbridge:  Ver: 1.1.0 
[    9.724862] Request for unknown module key 'Magrathea: Glacier signing key: 53b87e38b524cd2812672fc8904371ea0fabdce5' err -11
[    9.724869] Request for unknown module key 'Magrathea: Glacier signing key: 53b87e38b524cd2812672fc8904371ea0fabdce5' err -11
[    9.724874] Request for unknown module key 'Magrathea: Glacier signing key: 53b87e38b524cd2812672fc8904371ea0fabdce5' err -11
[    9.724880] Request for unknown module key 'Magrathea: Glacier signing key: 53b87e38b524cd2812672fc8904371ea0fabdce5' err -11
[    9.724893] Request for unknown module key 'Magrathea: Glacier signing key: 53b87e38b524cd2812672fc8904371ea0fabdce5' err -11
[    9.724902] Request for unknown module key 'Magrathea: Glacier signing key: 53b87e38b524cd2812672fc8904371ea0fabdce5' err -11
[    9.724906] Request for unknown module key 'Magrathea: Glacier signing key: 53b87e38b524cd2812672fc8904371ea0fabdce5' err -11
[    9.724922] Request for unknown module key 'Magrathea: Glacier signing key: 53b87e38b524cd2812672fc8904371ea0fabdce5' err -11
[    9.724926] Request for unknown module key 'Magrathea: Glacier signing key: 53b87e38b524cd2812672fc8904371ea0fabdce5' err -11
[    9.724931] Request for unknown module key 'Magrathea: Glacier signing key: 53b87e38b524cd2812672fc8904371ea0fabdce5' err -11
[    9.724941] Request for unknown module key 'Magrathea: Glacier signing key: 53b87e38b524cd2812672fc8904371ea0fabdce5' err -11
[    9.724949] Request for unknown module key 'Magrathea: Glacier signing key: 53b87e38b524cd2812672fc8904371ea0fabdce5' err -11
[    9.724962] Request for unknown module key 'Magrathea: Glacier signing key: 53b87e38b524cd2812672fc8904371ea0fabdce5' err -11
[    9.724972] Request for unknown module key 'Magrathea: Glacier signing key: 53b87e38b524cd2812672fc8904371ea0fabdce5' err -11
[    9.724983] Request for unknown module key 'Magrathea: Glacier signing key: 53b87e38b524cd2812672fc8904371ea0fabdce5' err -11
[    9.724992] Request for unknown module key 'Magrathea: Glacier signing key: 53b87e38b524cd2812672fc8904371ea0fabdce5' err -11
[    9.724995] Request for unknown module key 'Magrathea: Glacier signing key: 53b87e38b524cd2812672fc8904371ea0fabdce5' err -11
[    9.725006] Request for unknown module key 'Magrathea: Glacier signing key: 53b87e38b524cd2812672fc8904371ea0fabdce5' err -11
[    9.725012] Request for unknown module key 'Magrathea: Glacier signing key: 53b87e38b524cd2812672fc8904371ea0fabdce5' err -11
[    9.725015] Request for unknown module key 'Magrathea: Glacier signing key: 53b87e38b524cd2812672fc8904371ea0fabdce5' err -11
[    9.725027] Request for unknown module key 'Magrathea: Glacier signing key: 53b87e38b524cd2812672fc8904371ea0fabdce5' err -11
[    9.725039] Request for unknown module key 'Magrathea: Glacier signing key: 53b87e38b524cd2812672fc8904371ea0fabdce5' err -11
[    9.725161] Request for unknown module key 'Magrathea: Glacier signing key: 53b87e38b524cd2812672fc8904371ea0fabdce5' err -11
[    9.725168] Request for unknown module key 'Magrathea: Glacier signing key: 53b87e38b524cd2812672fc8904371ea0fabdce5' err -11
[    9.733889] Request for unknown module key 'Magrathea: Glacier signing key: 53b87e38b524cd2812672fc8904371ea0fabdce5' err -11
[    9.733892] Request for unknown module key 'Magrathea: Glacier signing key: 53b87e38b524cd2812672fc8904371ea0fabdce5' err -11
[    9.733897] Request for unknown module key 'Magrathea: Glacier signing key: 53b87e38b524cd2812672fc8904371ea0fabdce5' err -11
[    9.733906] Request for unknown module key 'Magrathea: Glacier signing key: 53b87e38b524cd2812672fc8904371ea0fabdce5' err -11
[    9.733912] Request for unknown module key 'Magrathea: Glacier signing key: 53b87e38b524cd2812672fc8904371ea0fabdce5' err -11
[    9.733919] Request for unknown module key 'Magrathea: Glacier signing key: 53b87e38b524cd2812672fc8904371ea0fabdce5' err -11
[    9.733923] Request for unknown module key 'Magrathea: Glacier signing key: 53b87e38b524cd2812672fc8904371ea0fabdce5' err -11
[    9.733932] Request for unknown module key 'Magrathea: Glacier signing key: 53b87e38b524cd2812672fc8904371ea0fabdce5' err -11
[    9.733944] Request for unknown module key 'Magrathea: Glacier signing key: 53b87e38b524cd2812672fc8904371ea0fabdce5' err -11
[    9.733947] Request for unknown module key 'Magrathea: Glacier signing key: 53b87e38b524cd2812672fc8904371ea0fabdce5' err -11
[    9.733952] Request for unknown module key 'Magrathea: Glacier signing key: 53b87e38b524cd2812672fc8904371ea0fabdce5' err -11
[    9.733963] Request for unknown module key 'Magrathea: Glacier signing key: 53b87e38b524cd2812672fc8904371ea0fabdce5' err -11
[    9.733972] Request for unknown module key 'Magrathea: Glacier signing key: 53b87e38b524cd2812672fc8904371ea0fabdce5' err -11
[    9.733976] Request for unknown module key 'Magrathea: Glacier signing key: 53b87e38b524cd2812672fc8904371ea0fabdce5' err -11
[    9.733986] Request for unknown module key 'Magrathea: Glacier signing key: 53b87e38b524cd2812672fc8904371ea0fabdce5' err -11
[    9.733996] Request for unknown module key 'Magrathea: Glacier signing key: 53b87e38b524cd2812672fc8904371ea0fabdce5' err -11
[    9.734007] Request for unknown module key 'Magrathea: Glacier signing key: 53b87e38b524cd2812672fc8904371ea0fabdce5' err -11
[    9.734015] Request for unknown module key 'Magrathea: Glacier signing key: 53b87e38b524cd2812672fc8904371ea0fabdce5' err -11
[    9.734025] Request for unknown module key 'Magrathea: Glacier signing key: 53b87e38b524cd2812672fc8904371ea0fabdce5' err -11
[    9.734123] Request for unknown module key 'Magrathea: Glacier signing key: 53b87e38b524cd2812672fc8904371ea0fabdce5' err -11
[    9.734154] Request for unknown module key 'Magrathea: Glacier signing key: 53b87e38b524cd2812672fc8904371ea0fabdce5' err -11
[    9.734161] Request for unknown module key 'Magrathea: Glacier signing key: 53b87e38b524cd2812672fc8904371ea0fabdce5' err -11
[    9.734168] Request for unknown module key 'Magrathea: Glacier signing key: 53b87e38b524cd2812672fc8904371ea0fabdce5' err -11
[    9.734170] Request for unknown module key 'Magrathea: Glacier signing key: 53b87e38b524cd2812672fc8904371ea0fabdce5' err -11
[    9.740786] Request for unknown module key 'Magrathea: Glacier signing key: 53b87e38b524cd2812672fc8904371ea0fabdce5' err -11
[    9.740790] Request for unknown module key 'Magrathea: Glacier signing key: 53b87e38b524cd2812672fc8904371ea0fabdce5' err -11
[    9.740794] Request for unknown module key 'Magrathea: Glacier signing key: 53b87e38b524cd2812672fc8904371ea0fabdce5' err -11
[    9.740796] Request for unknown module key 'Magrathea: Glacier signing key: 53b87e38b524cd2812672fc8904371ea0fabdce5' err -11
[    9.741369] usbcore: registered new interface driver ftdi_sio
[    9.741394] usbserial: USB Serial support registered for FTDI USB Serial Device
[    9.741478] ftdi_sio 2-1.8:1.0: FTDI USB Serial Device converter detected
[    9.741532] usb 2-1.8: Detected FT4232H
[    9.741892] usb 2-1.8: FTDI USB Serial Device converter now attached to ttyUSB0
[    9.741917] ftdi_sio 2-1.8:1.1: FTDI USB Serial Device converter detected
[    9.741945] usb 2-1.8: Detected FT4232H
[    9.742236] usb 2-1.8: FTDI USB Serial Device converter now attached to ttyUSB1
[    9.742249] ftdi_sio 2-1.8:1.2: FTDI USB Serial Device converter detected
[    9.742275] usb 2-1.8: Detected FT4232H
[    9.742483] usb 2-1.8: FTDI USB Serial Device converter now attached to ttyUSB2
[    9.742495] ftdi_sio 2-1.8:1.3: FTDI USB Serial Device converter detected
[    9.742518] usb 2-1.8: Detected FT4232H
[    9.742738] usb 2-1.8: FTDI USB Serial Device converter now attached to ttyUSB3
[    9.743682] Request for unknown module key 'Magrathea: Glacier signing key: 53b87e38b524cd2812672fc8904371ea0fabdce5' err -11
[    9.744247] IPMI System Interface driver.
[    9.744291] ipmi_si: probing via SMBIOS
[    9.744293] ipmi_si: SMBIOS: io 0xca8 regsize 1 spacing 4 irq 10
[    9.744294] ipmi_si: Adding SMBIOS-specified kcs state machine
[    9.744297] ipmi_si: Trying SMBIOS-specified kcs state machine at i/o address 0xca8, slave address 0x20, irq 10
[    9.802475] nfp: NFP PCIe Driver, Copyright (C) 2014-2015 Netronome Systems
[    9.802477] nfp src version: 
[    9.802477] nfp src path: /var/lib/dkms/nfp-bsp/2015.9.8/build/
[    9.802477] nfp build user id: root
[    9.802477] nfp build user: root
[    9.802477] nfp build host: cbtest1
[    9.802477] nfp build path: /var/lib/dkms/nfp-bsp/2015.9.8/build
[    9.802481] Netronome NFP CPP API
[    9.802510] nfp-mon-err: NFP Error Monitor Driver, Copyright (C) 2011,2015 Netronome Systems
[    9.802537] nfp-net-null: NFP Null Network Driver, Copyright (C) 2014-2015 Netronome Systems
[    9.802538] nfp-net-vnic: NFP vNIC driver, Copyright (C) 2010-2015 Netronome Systems
[    9.802715] nfp 0000:03:00.0: Netronome Flow Processor (NFP6000) PCIe Card Probe
[    9.802722] nfp 0000:03:00.0: Serial Number: 00-15-4d-0a-0b-e4
[    9.802762] nfp 0000:03:00.0: BAR0.0 RESERVED: General Mapping/MSI-X SRAM
[    9.802765] nfp 0000:03:00.0: BAR0.1 RESERVED: PCIe XPB/MSI-X PBA
[    9.802789] nfp 0000:03:00.0: BAR0.4 RESERVED: Explicit0 Mapping
[    9.802812] nfp 0000:03:00.0: BAR0.5 RESERVED: Explicit1 Mapping
[    9.802825] nfp 0000:03:00.0: 24 NFP PCI2CPP BARs, 20 free
[    9.802839] nfp 0000:03:00.0: Found a NFP6000 on the PCIe bus.
[    9.802895] nfp 0000:03:00.0: 3 cache BARs
[    9.802930] nfp 0000:03:00.0: Model: 0x648a1c10, Interface: 0x10ff
[    9.803188] nfp 0000:41:00.0: Netronome Flow Processor (NFP3200) PCIe Card Probe
[    9.803304] nfp 0000:41:00.0: Found a NFP3200 on the PCIe bus.
[    9.803328] nfp 0000:41:00.0: Workaround: NFP3200 A revs
[    9.803347]  cpp: WARNING: NFP Resource Table not found at 7:0:1:0x0, injecting workaround
[    9.805392] nfp 0000:41:00.0: Model: 0x324000a2, Interface: 0x10ff
[    9.805703] Request for unknown module key 'Magrathea: Glacier signing key: 53b87e38b524cd2812672fc8904371ea0fabdce5' err -11
[    9.805708] Request for unknown module key 'Magrathea: Glacier signing key: 53b87e38b524cd2812672fc8904371ea0fabdce5' err -11
[    9.805712] Request for unknown module key 'Magrathea: Glacier signing key: 53b87e38b524cd2812672fc8904371ea0fabdce5' err -11
[    9.805722] Request for unknown module key 'Magrathea: Glacier signing key: 53b87e38b524cd2812672fc8904371ea0fabdce5' err -11
[    9.805732] Request for unknown module key 'Magrathea: Glacier signing key: 53b87e38b524cd2812672fc8904371ea0fabdce5' err -11
[    9.805744] Request for unknown module key 'Magrathea: Glacier signing key: 53b87e38b524cd2812672fc8904371ea0fabdce5' err -11
[    9.805752] Request for unknown module key 'Magrathea: Glacier signing key: 53b87e38b524cd2812672fc8904371ea0fabdce5' err -11
[    9.805759] Request for unknown module key 'Magrathea: Glacier signing key: 53b87e38b524cd2812672fc8904371ea0fabdce5' err -11
[    9.805769] Request for unknown module key 'Magrathea: Glacier signing key: 53b87e38b524cd2812672fc8904371ea0fabdce5' err -11
[    9.805793] Request for unknown module key 'Magrathea: Glacier signing key: 53b87e38b524cd2812672fc8904371ea0fabdce5' err -11
[    9.805797] Request for unknown module key 'Magrathea: Glacier signing key: 53b87e38b524cd2812672fc8904371ea0fabdce5' err -11
[    9.805802] Request for unknown module key 'Magrathea: Glacier signing key: 53b87e38b524cd2812672fc8904371ea0fabdce5' err -11
[    9.805815] Request for unknown module key 'Magrathea: Glacier signing key: 53b87e38b524cd2812672fc8904371ea0fabdce5' err -11
[    9.805820] Request for unknown module key 'Magrathea: Glacier signing key: 53b87e38b524cd2812672fc8904371ea0fabdce5' err -11
[    9.805834] Request for unknown module key 'Magrathea: Glacier signing key: 53b87e38b524cd2812672fc8904371ea0fabdce5' err -11
[    9.805851] Request for unknown module key 'Magrathea: Glacier signing key: 53b87e38b524cd2812672fc8904371ea0fabdce5' err -11
[    9.805856] Request for unknown module key 'Magrathea: Glacier signing key: 53b87e38b524cd2812672fc8904371ea0fabdce5' err -11
[    9.805864] Request for unknown module key 'Magrathea: Glacier signing key: 53b87e38b524cd2812672fc8904371ea0fabdce5' err -11
[    9.805871] Request for unknown module key 'Magrathea: Glacier signing key: 53b87e38b524cd2812672fc8904371ea0fabdce5' err -11
[    9.805881] Request for unknown module key 'Magrathea: Glacier signing key: 53b87e38b524cd2812672fc8904371ea0fabdce5' err -11
[    9.805935] Request for unknown module key 'Magrathea: Glacier signing key: 53b87e38b524cd2812672fc8904371ea0fabdce5' err -11
[    9.805947] Request for unknown module key 'Magrathea: Glacier signing key: 53b87e38b524cd2812672fc8904371ea0fabdce5' err -11
[    9.805955] Request for unknown module key 'Magrathea: Glacier signing key: 53b87e38b524cd2812672fc8904371ea0fabdce5' err -11
[    9.805958] Request for unknown module key 'Magrathea: Glacier signing key: 53b87e38b524cd2812672fc8904371ea0fabdce5' err -11
[    9.841836] Request for unknown module key 'Magrathea: Glacier signing key: 53b87e38b524cd2812672fc8904371ea0fabdce5' err -11
[    9.841849] Request for unknown module key 'Magrathea: Glacier signing key: 53b87e38b524cd2812672fc8904371ea0fabdce5' err -11
[    9.841850] Request for unknown module key 'Magrathea: Glacier signing key: 53b87e38b524cd2812672fc8904371ea0fabdce5' err -11
[    9.841856] Request for unknown module key 'Magrathea: Glacier signing key: 53b87e38b524cd2812672fc8904371ea0fabdce5' err -11
[    9.841863] Request for unknown module key 'Magrathea: Glacier signing key: 53b87e38b524cd2812672fc8904371ea0fabdce5' err -11
[    9.841868] Request for unknown module key 'Magrathea: Glacier signing key: 53b87e38b524cd2812672fc8904371ea0fabdce5' err -11
[    9.841875] Request for unknown module key 'Magrathea: Glacier signing key: 53b87e38b524cd2812672fc8904371ea0fabdce5' err -11
[    9.841885] Request for unknown module key 'Magrathea: Glacier signing key: 53b87e38b524cd2812672fc8904371ea0fabdce5' err -11
[    9.841897] Request for unknown module key 'Magrathea: Glacier signing key: 53b87e38b524cd2812672fc8904371ea0fabdce5' err -11
[    9.841904] Request for unknown module key 'Magrathea: Glacier signing key: 53b87e38b524cd2812672fc8904371ea0fabdce5' err -11
[    9.841911] Request for unknown module key 'Magrathea: Glacier signing key: 53b87e38b524cd2812672fc8904371ea0fabdce5' err -11
[    9.841919] Request for unknown module key 'Magrathea: Glacier signing key: 53b87e38b524cd2812672fc8904371ea0fabdce5' err -11
[    9.841930] Request for unknown module key 'Magrathea: Glacier signing key: 53b87e38b524cd2812672fc8904371ea0fabdce5' err -11
[    9.841937] Request for unknown module key 'Magrathea: Glacier signing key: 53b87e38b524cd2812672fc8904371ea0fabdce5' err -11
[    9.841946] Request for unknown module key 'Magrathea: Glacier signing key: 53b87e38b524cd2812672fc8904371ea0fabdce5' err -11
[    9.841950] Request for unknown module key 'Magrathea: Glacier signing key: 53b87e38b524cd2812672fc8904371ea0fabdce5' err -11
[    9.841957] Request for unknown module key 'Magrathea: Glacier signing key: 53b87e38b524cd2812672fc8904371ea0fabdce5' err -11
[    9.841962] Request for unknown module key 'Magrathea: Glacier signing key: 53b87e38b524cd2812672fc8904371ea0fabdce5' err -11
[    9.841972] Request for unknown module key 'Magrathea: Glacier signing key: 53b87e38b524cd2812672fc8904371ea0fabdce5' err -11
[    9.841979] Request for unknown module key 'Magrathea: Glacier signing key: 53b87e38b524cd2812672fc8904371ea0fabdce5' err -11
[    9.842097] Request for unknown module key 'Magrathea: Glacier signing key: 53b87e38b524cd2812672fc8904371ea0fabdce5' err -11
[    9.842102] Request for unknown module key 'Magrathea: Glacier signing key: 53b87e38b524cd2812672fc8904371ea0fabdce5' err -11
[    9.842107] Request for unknown module key 'Magrathea: Glacier signing key: 53b87e38b524cd2812672fc8904371ea0fabdce5' err -11
[    9.842141] Request for unknown module key 'Magrathea: Glacier signing key: 53b87e38b524cd2812672fc8904371ea0fabdce5' err -11
[    9.860502] Request for unknown module key 'Magrathea: Glacier signing key: 53b87e38b524cd2812672fc8904371ea0fabdce5' err -11
[    9.860506] Request for unknown module key 'Magrathea: Glacier signing key: 53b87e38b524cd2812672fc8904371ea0fabdce5' err -11
[    9.898987] ipmi_si ipmi_si.0: Using irq 10
[    9.902363] ipmi_si ipmi_si.0: Could not set the global enables: 0xcc.
[    9.908770] i40e 0000:02:00.0 p4p1: renamed from eth2
[    9.913927] ipmi_si ipmi_si.0: Found new BMC (man_id: 0x0002a2, prod_id: 0x0100, dev_id: 0x20)
[    9.913936] ipmi_si ipmi_si.0: IPMI kcs interface initialized
[    9.923003] systemd-udevd[524]: renamed network interface eth2 to p4p1
[    9.923587] i40e 0000:02:00.1 p4p2: renamed from eth0
[    9.929913] Request for unknown module key 'Magrathea: Glacier signing key: 53b87e38b524cd2812672fc8904371ea0fabdce5' err -11
[    9.929919] Request for unknown module key 'Magrathea: Glacier signing key: 53b87e38b524cd2812672fc8904371ea0fabdce5' err -11
[    9.929929] Request for unknown module key 'Magrathea: Glacier signing key: 53b87e38b524cd2812672fc8904371ea0fabdce5' err -11
[    9.929935] Request for unknown module key 'Magrathea: Glacier signing key: 53b87e38b524cd2812672fc8904371ea0fabdce5' err -11
[    9.929945] Request for unknown module key 'Magrathea: Glacier signing key: 53b87e38b524cd2812672fc8904371ea0fabdce5' err -11
[    9.929955] Request for unknown module key 'Magrathea: Glacier signing key: 53b87e38b524cd2812672fc8904371ea0fabdce5' err -11
[    9.929964] Request for unknown module key 'Magrathea: Glacier signing key: 53b87e38b524cd2812672fc8904371ea0fabdce5' err -11
[    9.929972] Request for unknown module key 'Magrathea: Glacier signing key: 53b87e38b524cd2812672fc8904371ea0fabdce5' err -11
[    9.929978] Request for unknown module key 'Magrathea: Glacier signing key: 53b87e38b524cd2812672fc8904371ea0fabdce5' err -11
[    9.929992] Request for unknown module key 'Magrathea: Glacier signing key: 53b87e38b524cd2812672fc8904371ea0fabdce5' err -11
[    9.929996] Request for unknown module key 'Magrathea: Glacier signing key: 53b87e38b524cd2812672fc8904371ea0fabdce5' err -11
[    9.930003] Request for unknown module key 'Magrathea: Glacier signing key: 53b87e38b524cd2812672fc8904371ea0fabdce5' err -11
[    9.930008] Request for unknown module key 'Magrathea: Glacier signing key: 53b87e38b524cd2812672fc8904371ea0fabdce5' err -11
[    9.930018] Request for unknown module key 'Magrathea: Glacier signing key: 53b87e38b524cd2812672fc8904371ea0fabdce5' err -11
[    9.930029] Request for unknown module key 'Magrathea: Glacier signing key: 53b87e38b524cd2812672fc8904371ea0fabdce5' err -11
[    9.930041] Request for unknown module key 'Magrathea: Glacier signing key: 53b87e38b524cd2812672fc8904371ea0fabdce5' err -11
[    9.930139] Request for unknown module key 'Magrathea: Glacier signing key: 53b87e38b524cd2812672fc8904371ea0fabdce5' err -11
[    9.930147] Request for unknown module key 'Magrathea: Glacier signing key: 53b87e38b524cd2812672fc8904371ea0fabdce5' err -11
[    9.930153] Request for unknown module key 'Magrathea: Glacier signing key: 53b87e38b524cd2812672fc8904371ea0fabdce5' err -11
[    9.930161] Request for unknown module key 'Magrathea: Glacier signing key: 53b87e38b524cd2812672fc8904371ea0fabdce5' err -11
[    9.930168] Request for unknown module key 'Magrathea: Glacier signing key: 53b87e38b524cd2812672fc8904371ea0fabdce5' err -11
[    9.930179] Request for unknown module key 'Magrathea: Glacier signing key: 53b87e38b524cd2812672fc8904371ea0fabdce5' err -11
[    9.930189] Request for unknown module key 'Magrathea: Glacier signing key: 53b87e38b524cd2812672fc8904371ea0fabdce5' err -11
[    9.930191] Request for unknown module key 'Magrathea: Glacier signing key: 53b87e38b524cd2812672fc8904371ea0fabdce5' err -11
[    9.946207] Request for unknown module key 'Magrathea: Glacier signing key: 53b87e38b524cd2812672fc8904371ea0fabdce5' err -11
